Component: ARM Compiler 5.06 update 5 (build 528) Tool: armlink [4d35e2]

==============================================================================

Section Cross References

    startup_stm32f10x_hd.o(RESET) refers to startup_stm32f10x_hd.o(STACK) for __initial_sp
    startup_stm32f10x_hd.o(RESET) refers to startup_stm32f10x_hd.o(.text) for Reset_Handler
    startup_stm32f10x_hd.o(RESET) refers to stm32f10x_it.o(i.NMI_Handler) for NMI_Handler
    startup_stm32f10x_hd.o(RESET) refers to stm32f10x_it.o(i.HardFault_Handler) for HardFault_Handler
    startup_stm32f10x_hd.o(RESET) refers to stm32f10x_it.o(i.MemManage_Handler) for MemManage_Handler
    startup_stm32f10x_hd.o(RESET) refers to stm32f10x_it.o(i.BusFault_Handler) for BusFault_Handler
    startup_stm32f10x_hd.o(RESET) refers to stm32f10x_it.o(i.UsageFault_Handler) for UsageFault_Handler
    startup_stm32f10x_hd.o(RESET) refers to stm32f10x_it.o(i.SVC_Handler) for SVC_Handler
    startup_stm32f10x_hd.o(RESET) refers to stm32f10x_it.o(i.DebugMon_Handler) for DebugMon_Handler
    startup_stm32f10x_hd.o(RESET) refers to stm32f10x_it.o(i.PendSV_Handler) for PendSV_Handler
    startup_stm32f10x_hd.o(RESET) refers to main.o(i.SysTick_Handler) for SysTick_Handler
    startup_stm32f10x_hd.o(.text) refers to system_stm32f10x.o(i.SystemInit) for SystemInit
    startup_stm32f10x_hd.o(.text) refers to entry.o(.ARM.Collect$$$$00000000) for __main
    system_stm32f10x.o(i.SetSysClock) refers to system_stm32f10x.o(i.SetSysClockTo72) for SetSysClockTo72
    system_stm32f10x.o(i.SystemCoreClockUpdate) refers to system_stm32f10x.o(.data) for SystemCoreClock
    system_stm32f10x.o(i.SystemInit) refers to system_stm32f10x.o(i.SetSysClock) for SetSysClock
    stm32f10x_adc.o(i.ADC_DeInit) refers to stm32f10x_rcc.o(i.RCC_APB2PeriphResetCmd) for RCC_APB2PeriphResetCmd
    stm32f10x_bkp.o(i.BKP_DeInit) refers to stm32f10x_rcc.o(i.RCC_BackupResetCmd) for RCC_BackupResetCmd
    stm32f10x_can.o(i.CAN_DeInit) refers to stm32f10x_rcc.o(i.RCC_APB1PeriphResetCmd) for RCC_APB1PeriphResetCmd
    stm32f10x_can.o(i.CAN_GetITStatus) refers to stm32f10x_can.o(i.CheckITStatus) for CheckITStatus
    stm32f10x_cec.o(i.CEC_DeInit) refers to stm32f10x_rcc.o(i.RCC_APB1PeriphResetCmd) for RCC_APB1PeriphResetCmd
    stm32f10x_dac.o(i.DAC_DeInit) refers to stm32f10x_rcc.o(i.RCC_APB1PeriphResetCmd) for RCC_APB1PeriphResetCmd
    stm32f10x_flash.o(i.FLASH_EnableWriteProtection) refers to stm32f10x_flash.o(i.FLASH_WaitForLastOperation) for FLASH_WaitForLastOperation
    stm32f10x_flash.o(i.FLASH_EraseAllBank1Pages) refers to stm32f10x_flash.o(i.FLASH_WaitForLastBank1Operation) for FLASH_WaitForLastBank1Operation
    stm32f10x_flash.o(i.FLASH_EraseAllPages) refers to stm32f10x_flash.o(i.FLASH_WaitForLastOperation) for FLASH_WaitForLastOperation
    stm32f10x_flash.o(i.FLASH_EraseOptionBytes) refers to stm32f10x_flash.o(i.FLASH_GetReadOutProtectionStatus) for FLASH_GetReadOutProtectionStatus
    stm32f10x_flash.o(i.FLASH_EraseOptionBytes) refers to stm32f10x_flash.o(i.FLASH_WaitForLastOperation) for FLASH_WaitForLastOperation
    stm32f10x_flash.o(i.FLASH_ErasePage) refers to stm32f10x_flash.o(i.FLASH_WaitForLastOperation) for FLASH_WaitForLastOperation
    stm32f10x_flash.o(i.FLASH_ProgramHalfWord) refers to stm32f10x_flash.o(i.FLASH_WaitForLastOperation) for FLASH_WaitForLastOperation
    stm32f10x_flash.o(i.FLASH_ProgramOptionByteData) refers to stm32f10x_flash.o(i.FLASH_WaitForLastOperation) for FLASH_WaitForLastOperation
    stm32f10x_flash.o(i.FLASH_ProgramWord) refers to stm32f10x_flash.o(i.FLASH_WaitForLastOperation) for FLASH_WaitForLastOperation
    stm32f10x_flash.o(i.FLASH_ReadOutProtection) refers to stm32f10x_flash.o(i.FLASH_WaitForLastOperation) for FLASH_WaitForLastOperation
    stm32f10x_flash.o(i.FLASH_UserOptionByteConfig) refers to stm32f10x_flash.o(i.FLASH_WaitForLastOperation) for FLASH_WaitForLastOperation
    stm32f10x_flash.o(i.FLASH_WaitForLastBank1Operation) refers to stm32f10x_flash.o(i.FLASH_GetBank1Status) for FLASH_GetBank1Status
    stm32f10x_flash.o(i.FLASH_WaitForLastOperation) refers to stm32f10x_flash.o(i.FLASH_GetBank1Status) for FLASH_GetBank1Status
    stm32f10x_gpio.o(i.GPIO_AFIODeInit) refers to stm32f10x_rcc.o(i.RCC_APB2PeriphResetCmd) for RCC_APB2PeriphResetCmd
    stm32f10x_gpio.o(i.GPIO_DeInit) refers to stm32f10x_rcc.o(i.RCC_APB2PeriphResetCmd) for RCC_APB2PeriphResetCmd
    stm32f10x_i2c.o(i.I2C_DeInit) refers to stm32f10x_rcc.o(i.RCC_APB1PeriphResetCmd) for RCC_APB1PeriphResetCmd
    stm32f10x_i2c.o(i.I2C_Init) refers to stm32f10x_rcc.o(i.RCC_GetClocksFreq) for RCC_GetClocksFreq
    stm32f10x_pwr.o(i.PWR_DeInit) refers to stm32f10x_rcc.o(i.RCC_APB1PeriphResetCmd) for RCC_APB1PeriphResetCmd
    stm32f10x_rcc.o(i.RCC_GetClocksFreq) refers to stm32f10x_rcc.o(.data) for APBAHBPrescTable
    stm32f10x_rcc.o(i.RCC_WaitForHSEStartUp) refers to stm32f10x_rcc.o(i.RCC_GetFlagStatus) for RCC_GetFlagStatus
[...]
    Removing stm32f10x_tim.o(i.TIM_CCPreloadControl), (24 bytes).
    Removing stm32f10x_tim.o(i.TIM_CCxCmd), (30 bytes).
    Removing stm32f10x_tim.o(i.TIM_CCxNCmd), (30 bytes).
    Removing stm32f10x_tim.o(i.TIM_ClearFlag), (6 bytes).
    Removing stm32f10x_tim.o(i.TIM_ClearITPendingBit), (6 bytes).
    Removing stm32f10x_tim.o(i.TIM_ClearOC1Ref), (18 bytes).
    Removing stm32f10x_tim.o(i.TIM_ClearOC2Ref), (24 bytes).
    Removing stm32f10x_tim.o(i.TIM_ClearOC3Ref), (18 bytes).
    Removing stm32f10x_tim.o(i.TIM_ClearOC4Ref), (24 bytes).
    Removing stm32f10x_tim.o(i.TIM_Cmd), (24 bytes).
    Removing stm32f10x_tim.o(i.TIM_CounterModeConfig), (18 bytes).
    Removing stm32f10x_tim.o(i.TIM_CtrlPWMOutputs), (30 bytes).
    Removing stm32f10x_tim.o(i.TIM_DMACmd), (18 bytes).
    Removing stm32f10x_tim.o(i.TIM_DMAConfig), (10 bytes).
    Removing stm32f10x_tim.o(i.TIM_DeInit), (488 bytes).
    Removing stm32f10x_tim.o(i.TIM_ETRClockMode1Config), (54 bytes).
    Removing stm32f10x_tim.o(i.TIM_ETRClockMode2Config), (32 bytes).
    Removing stm32f10x_tim.o(i.TIM_ETRConfig), (28 bytes).
    Removing stm32f10x_tim.o(i.TIM_EncoderInterfaceConfig), (66 bytes).
    Removing stm32f10x_tim.o(i.TIM_ForcedOC1Config), (18 bytes).
    Removing stm32f10x_tim.o(i.TIM_ForcedOC2Config), (26 bytes).
    Removing stm32f10x_tim.o(i.TIM_ForcedOC3Config), (18 bytes).
    Removing stm32f10x_tim.o(i.TIM_ForcedOC4Config), (26 bytes).
    Removing stm32f10x_tim.o(i.TIM_GenerateEvent), (4 bytes).
    Removing stm32f10x_tim.o(i.TIM_GetCapture1), (6 bytes).
    Removing stm32f10x_tim.o(i.TIM_GetCapture2), (6 bytes).
    Removing stm32f10x_tim.o(i.TIM_GetCapture3), (6 bytes).
    Removing stm32f10x_tim.o(i.TIM_GetCapture4), (8 bytes).
    Removing stm32f10x_tim.o(i.TIM_GetCounter), (6 bytes).
    Removing stm32f10x_tim.o(i.TIM_GetFlagStatus), (18 bytes).
    Removing stm32f10x_tim.o(i.TIM_GetITStatus), (34 bytes).
    Removing stm32f10x_tim.o(i.TIM_GetPrescaler), (6 bytes).
    Removing stm32f10x_tim.o(i.TIM_ICInit), (172 bytes).
    Removing stm32f10x_tim.o(i.TIM_ICStructInit), (18 bytes).
    Removing stm32f10x_tim.o(i.TIM_ITConfig), (18 bytes).
    Removing stm32f10x_tim.o(i.TIM_ITRxExternalClockConfig), (24 bytes).
    Removing stm32f10x_tim.o(i.TIM_InternalClockConfig), (12 bytes).
    Removing stm32f10x_tim.o(i.TIM_OC1FastConfig), (18 bytes).
    Removing stm32f10x_tim.o(i.TIM_OC1Init), (152 bytes).
    Removing stm32f10x_tim.o(i.TIM_OC1NPolarityConfig), (18 bytes).
    Removing stm32f10x_tim.o(i.TIM_OC1PolarityConfig), (18 bytes).
    Removing stm32f10x_tim.o(i.TIM_OC1PreloadConfig), (18 bytes).
    Removing stm32f10x_tim.o(i.TIM_OC2FastConfig), (26 bytes).
    Removing stm32f10x_tim.o(i.TIM_OC2Init), (164 bytes).
    Removing stm32f10x_tim.o(i.TIM_OC2NPolarityConfig), (26 bytes).
    Removing stm32f10x_tim.o(i.TIM_OC2PolarityConfig), (26 bytes).
    Removing stm32f10x_tim.o(i.TIM_OC2PreloadConfig), (26 bytes).
    Removing stm32f10x_tim.o(i.TIM_OC3FastConfig), (18 bytes).
    Removing stm32f10x_tim.o(i.TIM_OC3Init), (160 bytes).
    Removing stm32f10x_tim.o(i.TIM_OC3NPolarityConfig), (26 bytes).
    Removing stm32f10x_tim.o(i.TIM_OC3PolarityConfig), (26 bytes).
    Removing stm32f10x_tim.o(i.TIM_OC3PreloadConfig), (18 bytes).
    Removing stm32f10x_tim.o(i.TIM_OC4FastConfig), (26 bytes).
    Removing stm32f10x_tim.o(i.TIM_OC4Init), (124 bytes).
    Removing stm32f10x_tim.o(i.TIM_OC4PolarityConfig), (26 bytes).
    Removing stm32f10x_tim.o(i.TIM_OC4PreloadConfig), (26 bytes).
    Removing stm32f10x_tim.o(i.TIM_OCStructInit), (20 bytes).
    Removing stm32f10x_tim.o(i.TIM_PWMIConfig), (124 bytes).
    Removing stm32f10x_tim.o(i.TIM_PrescalerConfig), (6 bytes).
    Removing stm32f10x_tim.o(i.TIM_SelectCCDMA), (24 bytes).
    Removing stm32f10x_tim.o(i.TIM_SelectCOM), (24 bytes).
    Removing stm32f10x_tim.o(i.TIM_SelectHallSensor), (24 bytes).
    Removing stm32f10x_tim.o(i.TIM_SelectInputTrigger), (18 bytes).
    Removing stm32f10x_tim.o(i.TIM_SelectMasterSlaveMode), (18 bytes).
    Removing stm32f10x_tim.o(i.TIM_SelectOCxM), (82 bytes).
    Removing stm32f10x_tim.o(i.TIM_SelectOnePulseMode), (18 bytes).
    Removing stm32f10x_tim.o(i.TIM_SelectOutputTrigger), (18 bytes).
    Removing stm32f10x_tim.o(i.TIM_SelectSlaveMode), (18 bytes).
    Removing stm32f10x_tim.o(i.TIM_SetAutoreload), (4 bytes).
    Removing stm32f10x_tim.o(i.TIM_SetClockDivision), (18 bytes).
    Removing stm32f10x_tim.o(i.TIM_SetCompare1), (4 bytes).
    Removing stm32f10x_tim.o(i.TIM_SetCompare2), (4 bytes).
    Removing stm32f10x_tim.o(i.TIM_SetCompare3), (4 bytes).
    Removing stm32f10x_tim.o(i.TIM_SetCompare4), (6 bytes).
    Removing stm32f10x_tim.o(i.TIM_SetCounter), (4 bytes).
    Removing stm32f10x_tim.o(i.TIM_SetIC1Prescaler), (18 bytes).
    Removing stm32f10x_tim.o(i.TIM_SetIC2Prescaler), (26 bytes).
    Removing stm32f10x_tim.o(i.TIM_SetIC3Prescaler), (18 bytes).
    Removing stm32f10x_tim.o(i.TIM_SetIC4Prescaler), (26 bytes).
    Removing stm32f10x_tim.o(i.TIM_TIxExternalClockConfig), (62 bytes).
    Removing stm32f10x_tim.o(i.TIM_TimeBaseInit), (164 bytes).
    Removing stm32f10x_tim.o(i.TIM_TimeBaseStructInit), (18 bytes).
    Removing stm32f10x_tim.o(i.TIM_UpdateDisableConfig), (24 bytes).
    Removing stm32f10x_tim.o(i.TIM_UpdateRequestConfig), (24 bytes).
    Removing stm32f10x_usart.o(i.USART_ClearFlag), (18 bytes).
    Removing stm32f10x_usart.o(i.USART_ClearITPendingBit), (30 bytes).
    Removing stm32f10x_usart.o(i.USART_ClockInit), (34 bytes).
    Removing stm32f10x_usart.o(i.USART_ClockStructInit), (12 bytes).
    Removing stm32f10x_usart.o(i.USART_DMACmd), (18 bytes).
    Removing stm32f10x_usart.o(i.USART_DeInit), (156 bytes).
    Removing stm32f10x_usart.o(i.USART_GetITStatus), (84 bytes).
    Removing stm32f10x_usart.o(i.USART_HalfDuplexCmd), (24 bytes).
    Removing stm32f10x_usart.o(i.USART_ITConfig), (74 bytes).
    Removing stm32f10x_usart.o(i.USART_IrDACmd), (24 bytes).
    Removing stm32f10x_usart.o(i.USART_IrDAConfig), (18 bytes).
    Removing stm32f10x_usart.o(i.USART_LINBreakDetectLengthConfig), (18 bytes).
    Removing stm32f10x_usart.o(i.USART_LINCmd), (24 bytes).
    Removing stm32f10x_usart.o(i.USART_OneBitMethodCmd), (24 bytes).
    Removing stm32f10x_usart.o(i.USART_OverSampling8Cmd), (22 bytes).
    Removing stm32f10x_usart.o(i.USART_ReceiveData), (10 bytes).
    Removing stm32f10x_usart.o(i.USART_ReceiverWakeUpCmd), (24 bytes).
    Removing stm32f10x_usart.o(i.USART_SendBreak), (10 bytes).
    Removing stm32f10x_usart.o(i.USART_SetAddress), (18 bytes).
    Removing stm32f10x_usart.o(i.USART_SetGuardTime), (16 bytes).
    Removing stm32f10x_usart.o(i.USART_SetPrescaler), (16 bytes).
    Removing stm32f10x_usart.o(i.USART_SmartCardCmd), (24 bytes).
    Removing stm32f10x_usart.o(i.USART_SmartCardNACKCmd), (24 bytes).
    Removing stm32f10x_usart.o(i.USART_StructInit), (24 bytes).
    Removing stm32f10x_usart.o(i.USART_WakeUpConfig), (18 bytes).
    Removing stm32f10x_wwdg.o(i.WWDG_ClearFlag), (12 bytes).
    Removing stm32f10x_wwdg.o(i.WWDG_DeInit), (22 bytes).
    Removing stm32f10x_wwdg.o(i.WWDG_Enable), (16 bytes).
    Removing stm32f10x_wwdg.o(i.WWDG_EnableIT), (12 bytes).
    Removing stm32f10x_wwdg.o(i.WWDG_GetFlagStatus), (12 bytes).
    Removing stm32f10x_wwdg.o(i.WWDG_SetCounter), (16 bytes).
    Removing stm32f10x_wwdg.o(i.WWDG_SetPrescaler), (24 bytes).
    Removing stm32f10x_wwdg.o(i.WWDG_SetWindowValue), (40 bytes).
    Removing stm32f10x_it.o(i.SysTick_Handler), (2 bytes).
    Removing bsp_usart.o(i.USART_Config), (128 bytes).
    Removing bsp_usart.o(i.fgetc), (32 bytes).
    Removing bsp_led.o(i.LED_GPIO_Config), (96 bytes).
    Removing bsp_spi_flash.o(i.SPI_FLASH_BufferWrite), (290 bytes).
    Removing bsp_spi_flash.o(i.SPI_FLASH_BulkErase), (40 bytes).
    Removing bsp_spi_flash.o(i.SPI_FLASH_PageWrite), (156 bytes).
    Removing bsp_spi_flash.o(i.SPI_FLASH_ReadByte), (10 bytes).
    Removing bsp_spi_flash.o(i.SPI_FLASH_ReadDeviceID), (60 bytes).
    Removing bsp_spi_flash.o(i.SPI_FLASH_ReadID), (80 bytes).
    Removing bsp_spi_flash.o(i.SPI_FLASH_SectorErase), (68 bytes).
    Removing bsp_spi_flash.o(i.SPI_FLASH_SendHalfWord), (112 bytes).
    Removing bsp_spi_flash.o(i.SPI_FLASH_StartReadSequence), (48 bytes).
    Removing bsp_spi_flash.o(i.SPI_FLASH_WaitForWriteEnd), (52 bytes).
    Removing bsp_spi_flash.o(i.SPI_FLASH_WriteEnable), (32 bytes).
    Removing bsp_spi_flash.o(i.SPI_Flash_PowerDown), (32 bytes).
    Removing bsp_spi_flash.o(i.SPI_Flash_WAKEUP), (32 bytes).
    Removing bsp_ili9341_lcd.o(i.ILI9341_DispStringLine_EN), (104 bytes).
    Removing bsp_ili9341_lcd.o(i.ILI9341_DispStringLine_EN_CH), (180 bytes).
    Removing bsp_ili9341_lcd.o(i.ILI9341_DispString_CH), (96 bytes).
    Removing bsp_ili9341_lcd.o(i.ILI9341_DispString_EN_CH_YDir), (120 bytes).
    Removing bsp_ili9341_lcd.o(i.ILI9341_DispString_EN_YDir), (104 bytes).
    Removing bsp_ili9341_lcd.o(i.ILI9341_DisplayStringEx), (264 bytes).
    Removing bsp_ili9341_lcd.o(i.ILI9341_DisplayStringEx_YDir), (268 bytes).
    Removing bsp_ili9341_lcd.o(i.ILI9341_DrawChar_Ex), (100 bytes).
    Removing bsp_ili9341_lcd.o(i.ILI9341_DrawCircle), (312 bytes).
    Removing bsp_ili9341_lcd.o(i.ILI9341_GetPointPixel), (24 bytes).
    Removing bsp_ili9341_lcd.o(i.ILI9341_Read_PixelData), (56 bytes).
    Removing bsp_ili9341_lcd.o(i.ILI9341_zoomChar), (388 bytes).
    Removing bsp_ili9341_lcd.o(i.LCD_ClearLine), (32 bytes).
    Removing bsp_ili9341_lcd.o(i.LCD_GetFont), (12 bytes).
    Removing bsp_ili9341_lcd.o(i.LCD_SetBackColor), (12 bytes).
    Removing bsp_ili9341_lcd.o(.bss), (17408 bytes).
    Removing bsp_xpt2046_lcd.o(i.Calibrate_or_Get_TouchParaWithFlash), (140 bytes).
    Removing bsp_xpt2046_lcd.o(i.ILI9341_DrawCross), (44 bytes).
    Removing bsp_xpt2046_lcd.o(i.XPT2046_Calculate_CalibrationFactor), (478 bytes).
    Removing bsp_xpt2046_lcd.o(i.XPT2046_DelayUS), (30 bytes).
    Removing bsp_xpt2046_lcd.o(i.XPT2046_Get_TouchedPoint), (236 bytes).
    Removing bsp_xpt2046_lcd.o(i.XPT2046_Init), (144 bytes).
    Removing bsp_xpt2046_lcd.o(i.XPT2046_ReadAdc), (16 bytes).
    Removing bsp_xpt2046_lcd.o(i.XPT2046_ReadAdc_Smooth_XY), (344 bytes).
    Removing bsp_xpt2046_lcd.o(i.XPT2046_ReadAdc_XY), (38 bytes).
    Removing bsp_xpt2046_lcd.o(i.XPT2046_ReadCMD), (80 bytes).
    Removing bsp_xpt2046_lcd.o(i.XPT2046_TouchDetect), (176 bytes).
    Removing bsp_xpt2046_lcd.o(i.XPT2046_TouchDown), (68 bytes).
    Removing bsp_xpt2046_lcd.o(i.XPT2046_TouchEvenHandler), (112 bytes).
    Removing bsp_xpt2046_lcd.o(i.XPT2046_TouchUp), (38 bytes).
    Removing bsp_xpt2046_lcd.o(i.XPT2046_Touch_Calibrate), (1268 bytes).
    Removing bsp_xpt2046_lcd.o(i.XPT2046_WriteCMD), (100 bytes).
    Removing bsp_xpt2046_lcd.o(.data), (208 bytes).
    Removing palette.o(i.Command_Clear_Palette), (52 bytes).
    Removing palette.o(i.Command_Select_Brush), (32 bytes).
    Removing palette.o(i.Command_Select_Color), (44 bytes).
    Removing palette.o(i.Draw_Clear_Button), (276 bytes).
    Removing palette.o(i.Draw_Color_Button), (132 bytes).
    Removing palette.o(i.Draw_Shape_Button), (1092 bytes).
    Removing palette.o(i.Draw_Trail), (432 bytes).
    Removing palette.o(i.LCD_DrawUniLineCircle), (356 bytes).
    Removing palette.o(i.Palette_Init), (108 bytes).
    Removing palette.o(i.Touch_Button_Down), (184 bytes).
    Removing palette.o(i.Touch_Button_Init), (820 bytes).
    Removing palette.o(i.Touch_Button_Up), (144 bytes).
    Removing palette.o(.bss), (384 bytes).
    Removing palette.o(.data), (8 bytes).
    Removing fadd.o(.text), (176 bytes).
    Removing fflti.o(.text), (18 bytes).
    Removing ffixi.o(.text), (50 bytes).
    Removing ffixui.o(.text), (40 bytes).
    Removing d2f.o(.text), (56 bytes).

513 unused section(s) (total 46768 bytes) removed from the image.

==============================================================================

Image Symbol Table

    Local Symbols

    Symbol Name                              Value     Ov Type        Size  Object(Section)

    ../clib/microlib/division.c              0x00000000   Number         0  uldiv.o ABSOLUTE
    ../clib/microlib/division.c              0x00000000   Number         0  uidiv.o ABSOLUTE
    ../clib/microlib/init/entry.s            0x00000000   Number         0  entry9a.o ABSOLUTE
    ../clib/microlib/init/entry.s            0x00000000   Number         0  entry9b.o ABSOLUTE
    ../clib/microlib/init/entry.s            0x00000000   Number         0  entry11a.o ABSOLUTE
    ../clib/microlib/init/entry.s            0x00000000   Number         0  entry8a.o ABSOLUTE
    ../clib/microlib/init/entry.s            0x00000000   Number         0  entry10a.o ABSOLUTE
    ../clib/microlib/init/entry.s            0x00000000   Number         0  entry7b.o ABSOLUTE
    ../clib/microlib/init/entry.s            0x00000000   Number         0  entry10b.o ABSOLUTE
    ../clib/microlib/init/entry.s            0x00000000   Number         0  entry11b.o ABSOLUTE
    ../clib/microlib/init/entry.s            0x00000000   Number         0  entry.o ABSOLUTE
    ../clib/microlib/init/entry.s            0x00000000   Number         0  entry8b.o ABSOLUTE
    ../clib/microlib/init/entry.s            0x00000000   Number         0  entry7a.o ABSOLUTE
    ../clib/microlib/init/entry.s            0x00000000   Number         0  entry5.o ABSOLUTE
    ../clib/microlib/init/entry.s            0x00000000   Number         0  entry2.o ABSOLUTE
    ../clib/microlib/longlong.c              0x00000000   Number         0  llushr.o ABSOLUTE
    ../clib/microlib/longlong.c              0x00000000   Number         0  llshl.o ABSOLUTE
    ../clib/microlib/longlong.c              0x00000000   Number         0  llsshr.o ABSOLUTE
    ../clib/microlib/printf/printf.c         0x00000000   Number         0  printf4.o ABSOLUTE
    ../clib/microlib/printf/printf.c         0x00000000   Number         0  printf3.o ABSOLUTE
    ../clib/microlib/printf/printf.c         0x00000000   Number         0  printf2.o ABSOLUTE
    ../clib/microlib/printf/printf.c         0x00000000   Number         0  printf6.o ABSOLUTE
    ../clib/microlib/printf/printf.c         0x00000000   Number         0  printf0.o ABSOLUTE
    ../clib/microlib/printf/printf.c         0x00000000   Number         0  printfb.o ABSOLUTE
    ../clib/microlib/printf/printf.c         0x00000000   Number         0  printf1.o ABSOLUTE
    ../clib/microlib/printf/printf.c         0x00000000   Number         0  printfa.o ABSOLUTE
    ../clib/microlib/printf/printf.c         0x00000000   Number         0  printf8.o ABSOLUTE
    ../clib/microlib/printf/printf.c         0x00000000   Number         0  printf7.o ABSOLUTE
    ../clib/microlib/printf/printf.c         0x00000000   Number         0  printf5.o ABSOLUTE
    ../clib/microlib/printf/stubs.s          0x00000000   Number         0  stubs.o ABSOLUTE
    ../clib/microlib/stdio/streams.c         0x00000000   Number         0  stdout.o ABSOLUTE
    ../clib/microlib/string/memset.c         0x00000000   Number         0  memseta.o ABSOLUTE
    ../clib/microlib/string/strlen.c         0x00000000   Number         0  strlen.o ABSOLUTE
    ../clib/microlib/stubs.s                 0x00000000   Number         0  iusefp.o ABSOLUTE
    ../fplib/microlib/d2f.c                  0x00000000   Number         0  d2f.o ABSOLUTE
    ../fplib/microlib/f2d.c                  0x00000000   Number         0  f2d.o ABSOLUTE
    ../fplib/microlib/fpadd.c                0x00000000   Number         0  fadd.o ABSOLUTE
    ../fplib/microlib/fpadd.c                0x00000000   Number         0  dadd.o ABSOLUTE
    ../fplib/microlib/fpdiv.c                0x00000000   Number         0  fdiv.o ABSOLUTE
    ../fplib/microlib/fpdiv.c                0x00000000   Number         0  ddiv.o ABSOLUTE
    ../fplib/microlib/fpepilogue.c           0x00000000   Number         0  fepilogue.o ABSOLUTE
    ../fplib/microlib/fpepilogue.c           0x00000000   Number         0  depilogue.o ABSOLUTE
    ../fplib/microlib/fpfix.c                0x00000000   Number         0  dfixul.o ABSOLUTE
    ../fplib/microlib/fpfix.c                0x00000000   Number         0  ffixui.o ABSOLUTE
    ../fplib/microlib/fpfix.c                0x00000000   Number         0  ffixi.o ABSOLUTE
    ../fplib/microlib/fpflt.c                0x00000000   Number         0  fflti.o ABSOLUTE
    ../fplib/microlib/fpflt.c                0x00000000   Number         0  ffltui.o ABSOLUTE
    ../fplib/microlib/fpmul.c                0x00000000   Number         0  dmul.o ABSOLUTE
    ../fplib/microlib/fpmul.c                0x00000000   Number         0  fmul.o ABSOLUTE
    ..\..\Libraries\CMSIS\core_cm3.c         0x00000000   Number         0  core_cm3.o ABSOLUTE
    ..\..\Libraries\CMSIS\startup\startup_stm32f10x_hd.s 0x00000000   Number         0  startup_stm32f10x_hd.o ABSOLUTE
    ..\..\Libraries\CMSIS\system_stm32f10x.c 0x00000000   Number         0  system_stm32f10x.o ABSOLUTE
    ..\..\Libraries\FWlib\src\misc.c         0x00000000   Number         0  misc.o ABSOLUTE
    ..\..\Libraries\FWlib\src\stm32f10x_adc.c 0x00000000   Number         0  stm32f10x_adc.o ABSOLUTE
    ..\..\Libraries\FWlib\src\stm32f10x_bkp.c 0x00000000   Number         0  stm32f10x_bkp.o ABSOLUTE
    ..\..\Libraries\FWlib\src\stm32f10x_can.c 0x00000000   Number         0  stm32f10x_can.o ABSOLUTE
    ..\..\Libraries\FWlib\src\stm32f10x_cec.c 0x00000000   Number         0  stm32f10x_cec.o ABSOLUTE
    ..\..\Libraries\FWlib\src\stm32f10x_crc.c 0x00000000   Number         0  stm32f10x_crc.o ABSOLUTE
    ..\..\Libraries\FWlib\src\stm32f10x_dac.c 0x00000000   Number         0  stm32f10x_dac.o ABSOLUTE
    ..\..\Libraries\FWlib\src\stm32f10x_dbgmcu.c 0x00000000   Number         0  stm32f10x_dbgmcu.o ABSOLUTE
    ..\..\Libraries\FWlib\src\stm32f10x_dma.c 0x00000000   Number         0  stm32f10x_dma.o ABSOLUTE
    ..\..\Libraries\FWlib\src\stm32f10x_exti.c 0x00000000   Number         0  stm32f10x_exti.o ABSOLUTE
    ..\..\Libraries\FWlib\src\stm32f10x_flash.c 0x00000000   Number         0  stm32f10x_flash.o ABSOLUTE
    ..\..\Libraries\FWlib\src\stm32f10x_fsmc.c 0x00000000   Number         0  stm32f10x_fsmc.o ABSOLUTE
    ..\..\Libraries\FWlib\src\stm32f10x_gpio.c 0x00000000   Number         0  stm32f10x_gpio.o ABSOLUTE
    ..\..\Libraries\FWlib\src\stm32f10x_i2c.c 0x00000000   Number         0  stm32f10x_i2c.o ABSOLUTE
    ..\..\Libraries\FWlib\src\stm32f10x_iwdg.c 0x00000000   Number         0  stm32f10x_iwdg.o ABSOLUTE
    ..\..\Libraries\FWlib\src\stm32f10x_pwr.c 0x00000000   Number         0  stm32f10x_pwr.o ABSOLUTE
    ..\..\Libraries\FWlib\src\stm32f10x_rcc.c 0x00000000   Number         0  stm32f10x_rcc.o ABSOLUTE
    ..\..\Libraries\FWlib\src\stm32f10x_rtc.c 0x00000000   Number         0  stm32f10x_rtc.o ABSOLUTE
    ..\..\Libraries\FWlib\src\stm32f10x_sdio.c 0x00000000   Number         0  stm32f10x_sdio.o ABSOLUTE
    ..\..\Libraries\FWlib\src\stm32f10x_spi.c 0x00000000   Number         0  stm32f10x_spi.o ABSOLUTE
    ..\..\Libraries\FWlib\src\stm32f10x_tim.c 0x00000000   Number         0  stm32f10x_tim.o ABSOLUTE
    ..\..\Libraries\FWlib\src\stm32f10x_usart.c 0x00000000   Number         0  stm32f10x_usart.o ABSOLUTE
    ..\..\Libraries\FWlib\src\stm32f10x_wwdg.c 0x00000000   Number         0  stm32f10x_wwdg.o ABSOLUTE
    ..\..\User\Lcd\bsp_ili9341_lcd.c         0x00000000   Number         0  bsp_ili9341_lcd.o ABSOLUTE
    ..\..\User\flash\bsp_spi_flash.c         0x00000000   Number         0  bsp_spi_flash.o ABSOLUTE
    ..\..\User\font\fonts.c                  0x00000000   Number         0  fonts.o ABSOLUTE
    ..\..\User\lcd\bsp_xpt2046_lcd.c         0x00000000   Number         0  bsp_xpt2046_lcd.o ABSOLUTE
    ..\..\User\led\bsp_led.c                 0x00000000   Number         0  bsp_led.o ABSOLUTE
    ..\..\User\main.c                        0x00000000   Number         0  main.o ABSOLUTE
    ..\..\User\palette.c                     0x00000000   Number         0  palette.o ABSOLUTE
    ..\..\User\stm32f10x_it.c                0x00000000   Number         0  stm32f10x_it.o ABSOLUTE
    ..\..\User\usart\bsp_usart.c             0x00000000   Number         0  bsp_usart.o ABSOLUTE
    ..\\..\\Libraries\\CMSIS\\core_cm3.c     0x00000000   Number         0  core_cm3.o ABSOLUTE
    cdrcmple.s                               0x00000000   Number         0  cdrcmple.o ABSOLUTE
    cfcmple.s                                0x00000000   Number         0  cfcmple.o ABSOLUTE
    dc.s                                     0x00000000   Number         0  dc.o ABSOLUTE
    handlers.s                               0x00000000   Number         0  handlers.o ABSOLUTE
    init.s                                   0x00000000   Number         0  init.o ABSOLUTE
    RESET                                    0x08000000   Section      304  startup_stm32f10x_hd.o(RESET)
    .ARM.Collect$$$$00000000                 0x08000130   Section        0  entry.o(.ARM.Collect$$$$00000000)
    .ARM.Collect$$$$00000001                 0x08000130   Section        4  entry2.o(.ARM.Collect$$$$00000001)
    .ARM.Collect$$$$00000004                 0x08000134   Section        4  entry5.o(.ARM.Collect$$$$00000004)
    .ARM.Collect$$$$00000008                 0x08000138   Section        0  entry7b.o(.ARM.Collect$$$$00000008)
    .ARM.Collect$$$$0000000A                 0x08000138   Section        0  entry8b.o(.ARM.Collect$$$$0000000A)
    .ARM.Collect$$$$0000000B                 0x08000138   Section        8  entry9a.o(.ARM.Collect$$$$0000000B)
    .ARM.Collect$$$$0000000D                 0x08000140   Section        0  entry10a.o(.ARM.Collect$$$$0000000D)
    .ARM.Collect$$$$0000000F                 0x08000140   Section        0  entry11a.o(.ARM.Collect$$$$0000000F)
    .ARM.Collect$$$$00002712                 0x08000140   Section        4  entry2.o(.ARM.Collect$$$$00002712)
    __lit__00000000                          0x08000140   Data           4  entry2.o(.ARM.Collect$$$$00002712)
    .text                                    0x08000144   Section       36  startup_stm32f10x_hd.o(.text)
    .text                                    0x08000168   Section        0  memseta.o(.text)
    .text                                    0x0800018c   Section        0  fmul.o(.text)
    .text                                    0x080001f0   Section        0  fdiv.o(.text)
    .text                                    0x0800026c   Section        0  dmul.o(.text)
    .text                                    0x08000350   Section        0  ddiv.o(.text)
    .text                                    0x0800042e   Section        0  ffltui.o(.text)
    .text                                    0x08000438   Section        0  f2d.o(.text)
    .text                                    0x08000460   Section       20  cfcmple.o(.text)
    .text                                    0x08000474   Section        0  uidiv.o(.text)
    .text                                    0x080004a0   Section        0  uldiv.o(.text)
    .text                                    0x08000502   Section        0  iusefp.o(.text)
    .text                                    0x08000502   Section        0  fepilogue.o(.text)
    .text                                    0x08000570   Section        0  depilogue.o(.text)
    .text                                    0x0800062a   Section        0  dadd.o(.text)
    .text                                    0x08000778   Section        0  dfixul.o(.text)
    .text                                    0x080007a8   Section       48  cdrcmple.o(.text)
    .text                                    0x080007d8   Section       36  init.o(.text)
    .text                                    0x080007fc   Section        0  llshl.o(.text)
    .text                                    0x0800081a   Section        0  llushr.o(.text)
    .text                                    0x0800083a   Section        0  llsshr.o(.text)
    i.ADC_Cmd                                0x0800085e   Section        0  stm32f10x_adc.o(i.ADC_Cmd)
    i.ADC_Config                             0x08000874   Section        0  main.o(i.ADC_Config)
    i.ADC_DeInit                             0x080008e8   Section        0  stm32f10x_adc.o(i.ADC_DeInit)
    i.ADC_GetCalibrationStatus               0x08000944   Section        0  stm32f10x_adc.o(i.ADC_GetCalibrationStatus)
    i.ADC_GetConversionValue                 0x08000958   Section        0  stm32f10x_adc.o(i.ADC_GetConversionValue)
    i.ADC_GetFlagStatus                      0x08000960   Section        0  stm32f10x_adc.o(i.ADC_GetFlagStatus)
    i.ADC_GetResetCalibrationStatus          0x08000972   Section        0  stm32f10x_adc.o(i.ADC_GetResetCalibrationStatus)
    i.ADC_Init                               0x08000988   Section        0  stm32f10x_adc.o(i.ADC_Init)
    i.ADC_RegularChannelConfig               0x080009d8   Section        0  stm32f10x_adc.o(i.ADC_RegularChannelConfig)
    i.ADC_ResetCalibration                   0x08000a90   Section        0  stm32f10x_adc.o(i.ADC_ResetCalibration)
    i.ADC_SoftwareStartConvCmd               0x08000a9a   Section        0  stm32f10x_adc.o(i.ADC_SoftwareStartConvCmd)
    i.ADC_StartCalibration                   0x08000ab0   Section        0  stm32f10x_adc.o(i.ADC_StartCalibration)
    i.BusFault_Handler                       0x08000aba   Section        0  stm32f10x_it.o(i.BusFault_Handler)
    i.DebugMon_Handler                       0x08000abe   Section        0  stm32f10x_it.o(i.DebugMon_Handler)
    i.Display_Case1                          0x08000ac0   Section        0  main.o(i.Display_Case1)
    i.Display_Case2_Update                   0x08000b60   Section        0  main.o(i.Display_Case2_Update)
    i.Display_Case3                          0x08000c88   Section        0  main.o(i.Display_Case3)
    i.Display_Case4                          0x08001078   Section        0  main.o(i.Display_Case4)
    i.Display_Case5_Update                   0x08001120   Section        0  main.o(i.Display_Case5_Update)
    i.FSMC_NORSRAMCmd                        0x0800126c   Section        0  stm32f10x_fsmc.o(i.FSMC_NORSRAMCmd)
    i.FSMC_NORSRAMInit                       0x080012a0   Section        0  stm32f10x_fsmc.o(i.FSMC_NORSRAMInit)
    i.GPIO_Config                            0x08001388   Section        0  main.o(i.GPIO_Config)
    i.GPIO_Init                              0x080013dc   Section        0  stm32f10x_gpio.o(i.GPIO_Init)
    i.GPIO_ReadInputDataBit                  0x080014f2   Section        0  stm32f10x_gpio.o(i.GPIO_ReadInputDataBit)
    i.GPIO_ResetBits                         0x08001504   Section        0  stm32f10x_gpio.o(i.GPIO_ResetBits)
    i.GPIO_SetBits                           0x08001508   Section        0  stm32f10x_gpio.o(i.GPIO_SetBits)
    i.GetGBKCode_from_EXFlash                0x0800150c   Section        0  fonts.o(i.GetGBKCode_from_EXFlash)
    i.Get_ADC_Value                          0x08001560   Section        0  main.o(i.Get_ADC_Value)
    i.Get_System_ms                          0x08001594   Section        0  main.o(i.Get_System_ms)
    i.HardFault_Handler                      0x080015a0   Section        0  stm32f10x_it.o(i.HardFault_Handler)
    i.ILI9341_BackLed_Control                0x080015a4   Section        0  bsp_ili9341_lcd.o(i.ILI9341_BackLed_Control)
    i.ILI9341_Clear                          0x080015c8   Section        0  bsp_ili9341_lcd.o(i.ILI9341_Clear)
    i.ILI9341_Delay                          0x080015f4   Section        0  bsp_ili9341_lcd.o(i.ILI9341_Delay)
    ILI9341_Delay                            0x080015f5   Thumb Code    18  bsp_ili9341_lcd.o(i.ILI9341_Delay)
    i.ILI9341_DispChar_CH                    0x08001608   Section        0  bsp_ili9341_lcd.o(i.ILI9341_DispChar_CH)
    i.ILI9341_DispChar_EN                    0x0800168c   Section        0  bsp_ili9341_lcd.o(i.ILI9341_DispChar_EN)
    i.ILI9341_DispString_EN                  0x08001724   Section        0  bsp_ili9341_lcd.o(i.ILI9341_DispString_EN)
    i.ILI9341_DispString_EN_CH               0x0800178c   Section        0  bsp_ili9341_lcd.o(i.ILI9341_DispString_EN_CH)
    i.ILI9341_DrawLine                       0x08001840   Section        0  bsp_ili9341_lcd.o(i.ILI9341_DrawLine)
    i.ILI9341_DrawRectangle                  0x080018e0   Section        0  bsp_ili9341_lcd.o(i.ILI9341_DrawRectangle)
    i.ILI9341_FSMC_Config                    0x08001968   Section        0  bsp_ili9341_lcd.o(i.ILI9341_FSMC_Config)
    ILI9341_FSMC_Config                      0x08001969   Thumb Code   110  bsp_ili9341_lcd.o(i.ILI9341_FSMC_Config)
    i.ILI9341_FillColor                      0x080019d6   Section        0  bsp_ili9341_lcd.o(i.ILI9341_FillColor)
    ILI9341_FillColor                        0x080019d7   Thumb Code    32  bsp_ili9341_lcd.o(i.ILI9341_FillColor)
    i.ILI9341_GPIO_Config                    0x080019f8   Section        0  bsp_ili9341_lcd.o(i.ILI9341_GPIO_Config)
    ILI9341_GPIO_Config                      0x080019f9   Thumb Code   398  bsp_ili9341_lcd.o(i.ILI9341_GPIO_Config)
    i.ILI9341_GramScan                       0x08001b90   Section        0  bsp_ili9341_lcd.o(i.ILI9341_GramScan)
    i.ILI9341_Init                           0x08001c70   Section        0  bsp_ili9341_lcd.o(i.ILI9341_Init)
    i.ILI9341_OpenWindow                     0x08001c98   Section        0  bsp_ili9341_lcd.o(i.ILI9341_OpenWindow)
    i.ILI9341_REG_Config                     0x08001cf8   Section        0  bsp_ili9341_lcd.o(i.ILI9341_REG_Config)
    ILI9341_REG_Config                       0x08001cf9   Thumb Code  1098  bsp_ili9341_lcd.o(i.ILI9341_REG_Config)
    i.ILI9341_ReadID                         0x08002148   Section        0  bsp_ili9341_lcd.o(i.ILI9341_ReadID)
    i.ILI9341_Read_Data                      0x080021b8   Section        0  bsp_ili9341_lcd.o(i.ILI9341_Read_Data)
    i.ILI9341_Rst                            0x080021c4   Section        0  bsp_ili9341_lcd.o(i.ILI9341_Rst)
    i.ILI9341_SetCursor                      0x080021ec   Section        0  bsp_ili9341_lcd.o(i.ILI9341_SetCursor)
    ILI9341_SetCursor                        0x080021ed   Thumb Code    20  bsp_ili9341_lcd.o(i.ILI9341_SetCursor)
    i.ILI9341_SetPointPixel                  0x08002200   Section        0  bsp_ili9341_lcd.o(i.ILI9341_SetPointPixel)
    i.ILI9341_Write_Cmd                      0x08002238   Section        0  bsp_ili9341_lcd.o(i.ILI9341_Write_Cmd)
    i.ILI9341_Write_Data                     0x08002240   Section        0  bsp_ili9341_lcd.o(i.ILI9341_Write_Data)
    i.Init_Display_Case                      0x0800224c   Section        0  main.o(i.Init_Display_Case)
    i.LCD_GetColors                          0x08002378   Section        0  bsp_ili9341_lcd.o(i.LCD_GetColors)
    i.LCD_SetColors                          0x08002390   Section        0  bsp_ili9341_lcd.o(i.LCD_SetColors)
    i.LCD_SetFont                            0x080023a4   Section        0  bsp_ili9341_lcd.o(i.LCD_SetFont)
    i.LCD_SetTextColor                       0x080023b0   Section        0  bsp_ili9341_lcd.o(i.LCD_SetTextColor)
    i.MemManage_Handler                      0x080023bc   Section        0  stm32f10x_it.o(i.MemManage_Handler)
    i.NMI_Handler                            0x080023c0   Section        0  stm32f10x_it.o(i.NMI_Handler)
    i.PendSV_Handler                         0x080023c2   Section        0  stm32f10x_it.o(i.PendSV_Handler)
    i.Process_Keys                           0x080023c4   Section        0  main.o(i.Process_Keys)
    i.RCC_ADCCLKConfig                       0x08002478   Section        0  stm32f10x_rcc.o(i.RCC_ADCCLKConfig)
    i.RCC_AHBPeriphClockCmd                  0x08002490   Section        0  stm32f10x_rcc.o(i.RCC_AHBPeriphClockCmd)
    i.RCC_APB2PeriphClockCmd                 0x080024b0   Section        0  stm32f10x_rcc.o(i.RCC_APB2PeriphClockCmd)
    i.RCC_APB2PeriphResetCmd                 0x080024d0   Section        0  stm32f10x_rcc.o(i.RCC_APB2PeriphResetCmd)
    i.RCC_GetClocksFreq                      0x080024f0   Section        0  stm32f10x_rcc.o(i.RCC_GetClocksFreq)
    i.SPI_Cmd                                0x080025c4   Section        0  stm32f10x_spi.o(i.SPI_Cmd)
    i.SPI_FLASH_BufferRead                   0x080025dc   Section        0  bsp_spi_flash.o(i.SPI_FLASH_BufferRead)
    i.SPI_FLASH_Init                         0x0800262c   Section        0  bsp_spi_flash.o(i.SPI_FLASH_Init)
    i.SPI_FLASH_SendByte                     0x080026ec   Section        0  bsp_spi_flash.o(i.SPI_FLASH_SendByte)
    i.SPI_I2S_GetFlagStatus                  0x08002764   Section        0  stm32f10x_spi.o(i.SPI_I2S_GetFlagStatus)
    i.SPI_I2S_ReceiveData                    0x08002776   Section        0  stm32f10x_spi.o(i.SPI_I2S_ReceiveData)
    i.SPI_I2S_SendData                       0x0800277c   Section        0  stm32f10x_spi.o(i.SPI_I2S_SendData)
    i.SPI_Init                               0x08002780   Section        0  stm32f10x_spi.o(i.SPI_Init)
    i.SPI_TIMEOUT_UserCallback               0x080027bc   Section        0  bsp_spi_flash.o(i.SPI_TIMEOUT_UserCallback)
    SPI_TIMEOUT_UserCallback                 0x080027bd   Thumb Code    16  bsp_spi_flash.o(i.SPI_TIMEOUT_UserCallback)
    i.SVC_Handler                            0x080027fc   Section        0  stm32f10x_it.o(i.SVC_Handler)
    i.SetSysClock                            0x080027fe   Section        0  system_stm32f10x.o(i.SetSysClock)
    SetSysClock                              0x080027ff   Thumb Code     8  system_stm32f10x.o(i.SetSysClock)
    i.SetSysClockTo72                        0x08002808   Section        0  system_stm32f10x.o(i.SetSysClockTo72)
    SetSysClockTo72                          0x08002809   Thumb Code   214  system_stm32f10x.o(i.SetSysClockTo72)
    i.SysTick_Handler                        0x080028e8   Section        0  main.o(i.SysTick_Handler)
    i.SysTick_Init                           0x080028f8   Section        0  main.o(i.SysTick_Init)
    i.SystemInit                             0x08002960   Section        0  system_stm32f10x.o(i.SystemInit)
    i.UART_Config                            0x080029c0   Section        0  main.o(i.UART_Config)
    i.UART_SendChar                          0x08002a3c   Section        0  main.o(i.UART_SendChar)
    i.UART_SendString                        0x08002a6c   Section        0  main.o(i.UART_SendString)
    i.USART_Cmd                              0x08002a82   Section        0  stm32f10x_usart.o(i.USART_Cmd)
    i.USART_GetFlagStatus                    0x08002a9a   Section        0  stm32f10x_usart.o(i.USART_GetFlagStatus)
    i.USART_Init                             0x08002ab4   Section        0  stm32f10x_usart.o(i.USART_Init)
    i.USART_SendData                         0x08002b8c   Section        0  stm32f10x_usart.o(i.USART_SendData)
    i.Update_ADC_And_Speed                   0x08002b94   Section        0  main.o(i.Update_ADC_And_Speed)
    i.UsageFault_Handler                     0x08002c70   Section        0  stm32f10x_it.o(i.UsageFault_Handler)
    i.__0printf                              0x08002c74   Section        0  printfa.o(i.__0printf)
    i.__0sprintf                             0x08002c94   Section        0  printfa.o(i.__0sprintf)
    i.__scatterload_copy                     0x08002cbc   Section       14  handlers.o(i.__scatterload_copy)
    i.__scatterload_null                     0x08002cca   Section        2  handlers.o(i.__scatterload_null)
    i.__scatterload_zeroinit                 0x08002ccc   Section       14  handlers.o(i.__scatterload_zeroinit)
    i._fp_digits                             0x08002cdc   Section        0  printfa.o(i._fp_digits)
    _fp_digits                               0x08002cdd   Thumb Code   366  printfa.o(i._fp_digits)
    i._printf_core                           0x08002e60   Section        0  printfa.o(i._printf_core)
    _printf_core                             0x08002e61   Thumb Code  1744  printfa.o(i._printf_core)
    i._printf_post_padding                   0x0800353c   Section        0  printfa.o(i._printf_post_padding)
    _printf_post_padding                     0x0800353d   Thumb Code    36  printfa.o(i._printf_post_padding)
    i._printf_pre_padding                    0x08003560   Section        0  printfa.o(i._printf_pre_padding)
    _printf_pre_padding                      0x08003561   Thumb Code    46  printfa.o(i._printf_pre_padding)
    i._sputc                                 0x0800358e   Section        0  printfa.o(i._sputc)
    _sputc                                   0x0800358f   Thumb Code    10  printfa.o(i._sputc)
    i.fputc                                  0x08003598   Section        0  bsp_usart.o(i.fputc)
    i.main                                   0x080035bc   Section        0  main.o(i.main)
    .constdata                               0x08003714   Section       39  main.o(.constdata)
    .constdata                               0x0800373b   Section    15200  fonts.o(.constdata)
    .conststring                             0x0800729c   Section      709  main.o(.conststring)
    .data                                    0x20000000   Section       20  system_stm32f10x.o(.data)
    .data                                    0x20000014   Section       20  stm32f10x_rcc.o(.data)
    APBAHBPrescTable                         0x20000014   Data          16  stm32f10x_rcc.o(.data)
    ADCPrescTable                            0x20000024   Data           4  stm32f10x_rcc.o(.data)
    .data                                    0x20000028   Section      188  main.o(.data)
    key1_press_time                          0x200000dc   Data           4  main.o(.data)
    key2_press_time                          0x200000e0   Data           4  main.o(.data)
    .data                                    0x200000e4   Section        4  bsp_spi_flash.o(.data)
    SPITimeout                               0x200000e4   Data           4  bsp_spi_flash.o(.data)
    .data                                    0x200000e8   Section       16  bsp_ili9341_lcd.o(.data)
    LCD_Currentfonts                         0x200000f0   Data           4  bsp_ili9341_lcd.o(.data)
    CurrentTextColor                         0x200000f4   Data           2  bsp_ili9341_lcd.o(.data)
    CurrentBackColor                         0x200000f6   Data           2  bsp_ili9341_lcd.o(.data)
    .data                                    0x200000f8   Section       25  fonts.o(.data)
    everRead                                 0x20000110   Data           1  fonts.o(.data)
    .data                                    0x20000114   Section        4  stdout.o(.data)
    .bss                                     0x20000118   Section      128  main.o(.bss)
    STACK                                    0x20000198   Section     4096  startup_stm32f10x_hd.o(STACK)

    Global Symbols

    Symbol Name                              Value     Ov Type        Size  Object(Section)

    BuildAttributes$$THM_ISAv4$P$D$K$B$S$PE$A:L22UL41UL21$X:L11$S22US41US21$IEEE1$IW$USESV6$~STKCKD$USESV7$~SHL$OTIME$ROPI$EBA8$MICROLIB$REQ8$PRES8$EABIv2 0x00000000   Number         0  anon$$obj.o ABSOLUTE
    __ARM_use_no_argv                        0x00000000   Number         0  main.o ABSOLUTE
    _printf_a                                0x00000000   Number         0  stubs.o ABSOLUTE
    _printf_c                                0x00000000   Number         0  stubs.o ABSOLUTE
    _printf_charcount                        0x00000000   Number         0  stubs.o ABSOLUTE
    _printf_d                                0x00000000   Number         0  stubs.o ABSOLUTE
    _printf_e                                0x00000000   Number         0  stubs.o ABSOLUTE
    _printf_f                                0x00000000   Number         0  stubs.o ABSOLUTE
    _printf_flags                            0x00000000   Number         0  stubs.o ABSOLUTE
    _printf_fp_dec                           0x00000000   Number         0  stubs.o ABSOLUTE
    _printf_fp_hex                           0x00000000   Number         0  stubs.o ABSOLUTE
    _printf_g                                0x00000000   Number         0  stubs.o ABSOLUTE
    _printf_i                                0x00000000   Number         0  stubs.o ABSOLUTE
    _printf_int_dec                          0x00000000   Number         0  stubs.o ABSOLUTE
    _printf_l                                0x00000000   Number         0  stubs.o ABSOLUTE
    _printf_lc                               0x00000000   Number         0  stubs.o ABSOLUTE
    _printf_ll                               0x00000000   Number         0  stubs.o ABSOLUTE
    _printf_lld                              0x00000000   Number         0  stubs.o ABSOLUTE
    _printf_lli                              0x00000000   Number         0  stubs.o ABSOLUTE
    _printf_llo                              0x00000000   Number         0  stubs.o ABSOLUTE
    _printf_llu                              0x00000000   Number         0  stubs.o ABSOLUTE
    _printf_llx                              0x00000000   Number         0  stubs.o ABSOLUTE
    _printf_longlong_dec                     0x00000000   Number         0  stubs.o ABSOLUTE
    _printf_longlong_hex                     0x00000000   Number         0  stubs.o ABSOLUTE
    _printf_longlong_oct                     0x00000000   Number         0  stubs.o ABSOLUTE
    _printf_ls                               0x00000000   Number         0  stubs.o ABSOLUTE
    _printf_mbtowc                           0x00000000   Number         0  stubs.o ABSOLUTE
    _printf_n                                0x00000000   Number         0  stubs.o ABSOLUTE
    _printf_o                                0x00000000   Number         0  stubs.o ABSOLUTE
    _printf_p                                0x00000000   Number         0  stubs.o ABSOLUTE
    _printf_percent                          0x00000000   Number         0  stubs.o ABSOLUTE
    _printf_pre_padding                      0x00000000   Number         0  stubs.o ABSOLUTE
    _printf_return_value                     0x00000000   Number         0  stubs.o ABSOLUTE
    _printf_s                                0x00000000   Number         0  stubs.o ABSOLUTE
    _printf_sizespec                         0x00000000   Number         0  stubs.o ABSOLUTE
    _printf_str                              0x00000000   Number         0  stubs.o ABSOLUTE
    _printf_truncate_signed                  0x00000000   Number         0  stubs.o ABSOLUTE
    _printf_truncate_unsigned                0x00000000   Number         0  stubs.o ABSOLUTE
    _printf_u                                0x00000000   Number         0  stubs.o ABSOLUTE
    _printf_wc                               0x00000000   Number         0  stubs.o ABSOLUTE
    _printf_wctomb                           0x00000000   Number         0  stubs.o ABSOLUTE
    _printf_widthprec                        0x00000000   Number         0  stubs.o ABSOLUTE
    _printf_x                                0x00000000   Number         0  stubs.o ABSOLUTE
    __cpp_initialize__aeabi_                  - Undefined Weak Reference
    __cxa_finalize                            - Undefined Weak Reference
    __decompress                              - Undefined Weak Reference
    _clock_init                               - Undefined Weak Reference
    _microlib_exit                            - Undefined Weak Reference
    __Vectors_Size                           0x00000130   Number         0  startup_stm32f10x_hd.o ABSOLUTE
    __Vectors                                0x08000000   Data           4  startup_stm32f10x_hd.o(RESET)
    __Vectors_End                            0x08000130   Data           0  startup_stm32f10x_hd.o(RESET)
    __main                                   0x08000131   Thumb Code     0  entry.o(.ARM.Collect$$$$00000000)
    _main_stk                                0x08000131   Thumb Code     0  entry2.o(.ARM.Collect$$$$00000001)
    _main_scatterload                        0x08000135   Thumb Code     0  entry5.o(.ARM.Collect$$$$00000004)
    __main_after_scatterload                 0x08000139   Thumb Code     0  entry5.o(.ARM.Collect$$$$00000004)
    _main_clock                              0x08000139   Thumb Code     0  entry7b.o(.ARM.Collect$$$$00000008)
    _main_cpp_init                           0x08000139   Thumb Code     0  entry8b.o(.ARM.Collect$$$$0000000A)
    _main_init                               0x08000139   Thumb Code     0  entry9a.o(.ARM.Collect$$$$0000000B)
    __rt_final_cpp                           0x08000141   Thumb Code     0  entry10a.o(.ARM.Collect$$$$0000000D)
    __rt_final_exit                          0x08000141   Thumb Code     0  entry11a.o(.ARM.Collect$$$$0000000F)
    Reset_Handler                            0x08000145   Thumb Code     8  startup_stm32f10x_hd.o(.text)
    ADC1_2_IRQHandler                        0x0800015f   Thumb Code     0  startup_stm32f10x_hd.o(.text)
    ADC3_IRQHandler                          0x0800015f   Thumb Code     0  startup_stm32f10x_hd.o(.text)
    CAN1_RX1_IRQHandler                      0x0800015f   Thumb Code     0  startup_stm32f10x_hd.o(.text)
    CAN1_SCE_IRQHandler                      0x0800015f   Thumb Code     0  startup_stm32f10x_hd.o(.text)
    DMA1_Channel1_IRQHandler                 0x0800015f   Thumb Code     0  startup_stm32f10x_hd.o(.text)
    DMA1_Channel2_IRQHandler                 0x0800015f   Thumb Code     0  startup_stm32f10x_hd.o(.text)
    DMA1_Channel3_IRQHandler                 0x0800015f   Thumb Code     0  startup_stm32f10x_hd.o(.text)
    DMA1_Channel4_IRQHandler                 0x0800015f   Thumb Code     0  startup_stm32f10x_hd.o(.text)
    DMA1_Channel5_IRQHandler                 0x0800015f   Thumb Code     0  startup_stm32f10x_hd.o(.text)
    DMA1_Channel6_IRQHandler                 0x0800015f   Thumb Code     0  startup_stm32f10x_hd.o(.text)
    DMA1_Channel7_IRQHandler                 0x0800015f   Thumb Code     0  startup_stm32f10x_hd.o(.text)
    DMA2_Channel1_IRQHandler                 0x0800015f   Thumb Code     0  startup_stm32f10x_hd.o(.text)
    DMA2_Channel2_IRQHandler                 0x0800015f   Thumb Code     0  startup_stm32f10x_hd.o(.text)
    DMA2_Channel3_IRQHandler                 0x0800015f   Thumb Code     0  startup_stm32f10x_hd.o(.text)
    DMA2_Channel4_5_IRQHandler               0x0800015f   Thumb Code     0  startup_stm32f10x_hd.o(.text)
    EXTI0_IRQHandler                         0x0800015f   Thumb Code     0  startup_stm32f10x_hd.o(.text)
    EXTI15_10_IRQHandler                     0x0800015f   Thumb Code     0  startup_stm32f10x_hd.o(.text)
    EXTI1_IRQHandler                         0x0800015f   Thumb Code     0  startup_stm32f10x_hd.o(.text)
    EXTI2_IRQHandler                         0x0800015f   Thumb Code     0  startup_stm32f10x_hd.o(.text)
    EXTI3_IRQHandler                         0x0800015f   Thumb Code     0  startup_stm32f10x_hd.o(.text)
    EXTI4_IRQHandler                         0x0800015f   Thumb Code     0  startup_stm32f10x_hd.o(.text)
    EXTI9_5_IRQHandler                       0x0800015f   Thumb Code     0  startup_stm32f10x_hd.o(.text)
    FLASH_IRQHandler                         0x0800015f   Thumb Code     0  startup_stm32f10x_hd.o(.text)
    FSMC_IRQHandler                          0x0800015f   Thumb Code     0  startup_stm32f10x_hd.o(.text)
    I2C1_ER_IRQHandler                       0x0800015f   Thumb Code     0  startup_stm32f10x_hd.o(.text)
    I2C1_EV_IRQHandler                       0x0800015f   Thumb Code     0  startup_stm32f10x_hd.o(.text)
    I2C2_ER_IRQHandler                       0x0800015f   Thumb Code     0  startup_stm32f10x_hd.o(.text)
    I2C2_EV_IRQHandler                       0x0800015f   Thumb Code     0  startup_stm32f10x_hd.o(.text)
    PVD_IRQHandler                           0x0800015f   Thumb Code     0  startup_stm32f10x_hd.o(.text)
    RCC_IRQHandler                           0x0800015f   Thumb Code     0  startup_stm32f10x_hd.o(.text)
    RTCAlarm_IRQHandler                      0x0800015f   Thumb Code     0  startup_stm32f10x_hd.o(.text)
    RTC_IRQHandler                           0x0800015f   Thumb Code     0  startup_stm32f10x_hd.o(.text)
    SDIO_IRQHandler                          0x0800015f   Thumb Code     0  startup_stm32f10x_hd.o(.text)
    SPI1_IRQHandler                          0x0800015f   Thumb Code     0  startup_stm32f10x_hd.o(.text)
    SPI2_IRQHandler                          0x0800015f   Thumb Code     0  startup_stm32f10x_hd.o(.text)
    SPI3_IRQHandler                          0x0800015f   Thumb Code     0  startup_stm32f10x_hd.o(.text)
    TAMPER_IRQHandler                        0x0800015f   Thumb Code     0  startup_stm32f10x_hd.o(.text)
    TIM1_BRK_IRQHandler                      0x0800015f   Thumb Code     0  startup_stm32f10x_hd.o(.text)
    TIM1_CC_IRQHandler                       0x0800015f   Thumb Code     0  startup_stm32f10x_hd.o(.text)
    TIM1_TRG_COM_IRQHandler                  0x0800015f   Thumb Code     0  startup_stm32f10x_hd.o(.text)
    TIM1_UP_IRQHandler                       0x0800015f   Thumb Code     0  startup_stm32f10x_hd.o(.text)
    TIM2_IRQHandler                          0x0800015f   Thumb Code     0  startup_stm32f10x_hd.o(.text)
    TIM3_IRQHandler                          0x0800015f   Thumb Code     0  startup_stm32f10x_hd.o(.text)
    TIM4_IRQHandler                          0x0800015f   Thumb Code     0  startup_stm32f10x_hd.o(.text)
    TIM5_IRQHandler                          0x0800015f   Thumb Code     0  startup_stm32f10x_hd.o(.text)
    TIM6_IRQHandler                          0x0800015f   Thumb Code     0  startup_stm32f10x_hd.o(.text)
    TIM7_IRQHandler                          0x0800015f   Thumb Code     0  startup_stm32f10x_hd.o(.text)
    TIM8_BRK_IRQHandler                      0x0800015f   Thumb Code     0  startup_stm32f10x_hd.o(.text)
    TIM8_CC_IRQHandler                       0x0800015f   Thumb Code     0  startup_stm32f10x_hd.o(.text)
    TIM8_TRG_COM_IRQHandler                  0x0800015f   Thumb Code     0  startup_stm32f10x_hd.o(.text)
    TIM8_UP_IRQHandler                       0x0800015f   Thumb Code     0  startup_stm32f10x_hd.o(.text)
    UART4_IRQHandler                         0x0800015f   Thumb Code     0  startup_stm32f10x_hd.o(.text)
    UART5_IRQHandler                         0x0800015f   Thumb Code     0  startup_stm32f10x_hd.o(.text)
    USART1_IRQHandler                        0x0800015f   Thumb Code     0  startup_stm32f10x_hd.o(.text)
    USART2_IRQHandler                        0x0800015f   Thumb Code     0  startup_stm32f10x_hd.o(.text)
    USART3_IRQHandler                        0x0800015f   Thumb Code     0  startup_stm32f10x_hd.o(.text)
    USBWakeUp_IRQHandler                     0x0800015f   Thumb Code     0  startup_stm32f10x_hd.o(.text)
    USB_HP_CAN1_TX_IRQHandler                0x0800015f   Thumb Code     0  startup_stm32f10x_hd.o(.text)
    USB_LP_CAN1_RX0_IRQHandler               0x0800015f   Thumb Code     0  startup_stm32f10x_hd.o(.text)
    WWDG_IRQHandler                          0x0800015f   Thumb Code     0  startup_stm32f10x_hd.o(.text)
    __aeabi_memset                           0x08000169   Thumb Code    14  memseta.o(.text)
    __aeabi_memset4                          0x08000169   Thumb Code     0  memseta.o(.text)
    __aeabi_memset8                          0x08000169   Thumb Code     0  memseta.o(.text)
    __aeabi_memclr                           0x08000177   Thumb Code     4  memseta.o(.text)
    __aeabi_memclr4                          0x08000177   Thumb Code     0  memseta.o(.text)
    __aeabi_memclr8                          0x08000177   Thumb Code     0  memseta.o(.text)
    _memset$wrapper                          0x0800017b   Thumb Code    18  memseta.o(.text)
    __aeabi_fmul                             0x0800018d   Thumb Code   100  fmul.o(.text)
    __aeabi_fdiv                             0x080001f1   Thumb Code   124  fdiv.o(.text)
    __aeabi_dmul                             0x0800026d   Thumb Code   228  dmul.o(.text)
    __aeabi_ddiv                             0x08000351   Thumb Code   222  ddiv.o(.text)
    __aeabi_ui2f                             0x0800042f   Thumb Code    10  ffltui.o(.text)
    __aeabi_f2d                              0x08000439   Thumb Code    38  f2d.o(.text)
    __aeabi_cfcmpeq                          0x08000461   Thumb Code     0  cfcmple.o(.text)
    __aeabi_cfcmple                          0x08000461   Thumb Code    20  cfcmple.o(.text)
    __aeabi_uidiv                            0x08000475   Thumb Code     0  uidiv.o(.text)
    __aeabi_uidivmod                         0x08000475   Thumb Code    44  uidiv.o(.text)
    __aeabi_uldivmod                         0x080004a1   Thumb Code    98  uldiv.o(.text)
    __I$use$fp                               0x08000503   Thumb Code     0  iusefp.o(.text)
    _float_round                             0x08000503   Thumb Code    18  fepilogue.o(.text)
    _float_epilogue                          0x08000515   Thumb Code    92  fepilogue.o(.text)
    _double_round                            0x08000571   Thumb Code    30  depilogue.o(.text)
    _double_epilogue                         0x0800058f   Thumb Code   156  depilogue.o(.text)
    __aeabi_dadd                             0x0800062b   Thumb Code   322  dadd.o(.text)
    __aeabi_dsub                             0x0800076d   Thumb Code     6  dadd.o(.text)
    __aeabi_drsub                            0x08000773   Thumb Code     6  dadd.o(.text)
    __aeabi_d2ulz                            0x08000779   Thumb Code    48  dfixul.o(.text)
    __aeabi_cdrcmple                         0x080007a9   Thumb Code    48  cdrcmple.o(.text)
    __scatterload                            0x080007d9   Thumb Code    28  init.o(.text)
    __scatterload_rt2                        0x080007d9   Thumb Code     0  init.o(.text)
    __aeabi_llsl                             0x080007fd   Thumb Code    30  llshl.o(.text)
    _ll_shift_l                              0x080007fd   Thumb Code     0  llshl.o(.text)
    __aeabi_llsr                             0x0800081b   Thumb Code    32  llushr.o(.text)
    _ll_ushift_r                             0x0800081b   Thumb Code     0  llushr.o(.text)
    __aeabi_lasr                             0x0800083b   Thumb Code    36  llsshr.o(.text)
    _ll_sshift_r                             0x0800083b   Thumb Code     0  llsshr.o(.text)
    ADC_Cmd                                  0x0800085f   Thumb Code    22  stm32f10x_adc.o(i.ADC_Cmd)
    ADC_Config                               0x08000875   Thumb Code   110  main.o(i.ADC_Config)
    ADC_DeInit                               0x080008e9   Thumb Code    78  stm32f10x_adc.o(i.ADC_DeInit)
    ADC_GetCalibrationStatus                 0x08000945   Thumb Code    20  stm32f10x_adc.o(i.ADC_GetCalibrationStatus)
    ADC_GetConversionValue                   0x08000959   Thumb Code     8  stm32f10x_adc.o(i.ADC_GetConversionValue)
    ADC_GetFlagStatus                        0x08000961   Thumb Code    18  stm32f10x_adc.o(i.ADC_GetFlagStatus)
    ADC_GetResetCalibrationStatus            0x08000973   Thumb Code    20  stm32f10x_adc.o(i.ADC_GetResetCalibrationStatus)
    ADC_Init                                 0x08000989   Thumb Code    70  stm32f10x_adc.o(i.ADC_Init)
    ADC_RegularChannelConfig                 0x080009d9   Thumb Code   184  stm32f10x_adc.o(i.ADC_RegularChannelConfig)
    ADC_ResetCalibration                     0x08000a91   Thumb Code    10  stm32f10x_adc.o(i.ADC_ResetCalibration)
    ADC_SoftwareStartConvCmd                 0x08000a9b   Thumb Code    22  stm32f10x_adc.o(i.ADC_SoftwareStartConvCmd)
    ADC_StartCalibration                     0x08000ab1   Thumb Code    10  stm32f10x_adc.o(i.ADC_StartCalibration)
    BusFault_Handler                         0x08000abb   Thumb Code     4  stm32f10x_it.o(i.BusFault_Handler)
    DebugMon_Handler                         0x08000abf   Thumb Code     2  stm32f10x_it.o(i.DebugMon_Handler)
    Display_Case1                            0x08000ac1   Thumb Code   100  main.o(i.Display_Case1)
    Display_Case2_Update                     0x08000b61   Thumb Code   254  main.o(i.Display_Case2_Update)
    Display_Case3                            0x08000c89   Thumb Code   784  main.o(i.Display_Case3)
    Display_Case4                            0x08001079   Thumb Code    92  main.o(i.Display_Case4)
    Display_Case5_Update                     0x08001121   Thumb Code   248  main.o(i.Display_Case5_Update)
    FSMC_NORSRAMCmd                          0x0800126d   Thumb Code    46  stm32f10x_fsmc.o(i.FSMC_NORSRAMCmd)
    FSMC_NORSRAMInit                         0x080012a1   Thumb Code   230  stm32f10x_fsmc.o(i.FSMC_NORSRAMInit)
    GPIO_Config                              0x08001389   Thumb Code    74  main.o(i.GPIO_Config)
    GPIO_Init                                0x080013dd   Thumb Code   278  stm32f10x_gpio.o(i.GPIO_Init)
    GPIO_ReadInputDataBit                    0x080014f3   Thumb Code    18  stm32f10x_gpio.o(i.GPIO_ReadInputDataBit)
    GPIO_ResetBits                           0x08001505   Thumb Code     4  stm32f10x_gpio.o(i.GPIO_ResetBits)
    GPIO_SetBits                             0x08001509   Thumb Code     4  stm32f10x_gpio.o(i.GPIO_SetBits)
    GetGBKCode_from_EXFlash                  0x0800150d   Thumb Code    74  fonts.o(i.GetGBKCode_from_EXFlash)
    Get_ADC_Value                            0x08001561   Thumb Code    46  main.o(i.Get_ADC_Value)
    Get_System_ms                            0x08001595   Thumb Code     6  main.o(i.Get_System_ms)
    HardFault_Handler                        0x080015a1   Thumb Code     4  stm32f10x_it.o(i.HardFault_Handler)
    ILI9341_BackLed_Control                  0x080015a5   Thumb Code    30  bsp_ili9341_lcd.o(i.ILI9341_BackLed_Control)
    ILI9341_Clear                            0x080015c9   Thumb Code    40  bsp_ili9341_lcd.o(i.ILI9341_Clear)
    ILI9341_DispChar_CH                      0x08001609   Thumb Code   122  bsp_ili9341_lcd.o(i.ILI9341_DispChar_CH)
    ILI9341_DispChar_EN                      0x0800168d   Thumb Code   138  bsp_ili9341_lcd.o(i.ILI9341_DispChar_EN)
    ILI9341_DispString_EN                    0x08001725   Thumb Code    92  bsp_ili9341_lcd.o(i.ILI9341_DispString_EN)
    ILI9341_DispString_EN_CH                 0x0800178d   Thumb Code   168  bsp_ili9341_lcd.o(i.ILI9341_DispString_EN_CH)
    ILI9341_DrawLine                         0x08001841   Thumb Code   160  bsp_ili9341_lcd.o(i.ILI9341_DrawLine)
    ILI9341_DrawRectangle                    0x080018e1   Thumb Code   132  bsp_ili9341_lcd.o(i.ILI9341_DrawRectangle)
    ILI9341_GramScan                         0x08001b91   Thumb Code   208  bsp_ili9341_lcd.o(i.ILI9341_GramScan)
    ILI9341_Init                             0x08001c71   Thumb Code    34  bsp_ili9341_lcd.o(i.ILI9341_Init)
    ILI9341_OpenWindow                       0x08001c99   Thumb Code    96  bsp_ili9341_lcd.o(i.ILI9341_OpenWindow)
    ILI9341_ReadID                           0x08002149   Thumb Code   108  bsp_ili9341_lcd.o(i.ILI9341_ReadID)
    ILI9341_Read_Data                        0x080021b9   Thumb Code     6  bsp_ili9341_lcd.o(i.ILI9341_Read_Data)
    ILI9341_Rst                              0x080021c5   Thumb Code    36  bsp_ili9341_lcd.o(i.ILI9341_Rst)
    ILI9341_SetPointPixel                    0x08002201   Thumb Code    42  bsp_ili9341_lcd.o(i.ILI9341_SetPointPixel)
    ILI9341_Write_Cmd                        0x08002239   Thumb Code     8  bsp_ili9341_lcd.o(i.ILI9341_Write_Cmd)
    ILI9341_Write_Data                       0x08002241   Thumb Code     6  bsp_ili9341_lcd.o(i.ILI9341_Write_Data)
    Init_Display_Case                        0x0800224d   Thumb Code   224  main.o(i.Init_Display_Case)
    LCD_GetColors                            0x08002379   Thumb Code    14  bsp_ili9341_lcd.o(i.LCD_GetColors)
    LCD_SetColors                            0x08002391   Thumb Code    10  bsp_ili9341_lcd.o(i.LCD_SetColors)
    LCD_SetFont                              0x080023a5   Thumb Code     6  bsp_ili9341_lcd.o(i.LCD_SetFont)
    LCD_SetTextColor                         0x080023b1   Thumb Code     6  bsp_ili9341_lcd.o(i.LCD_SetTextColor)
    MemManage_Handler                        0x080023bd   Thumb Code     4  stm32f10x_it.o(i.MemManage_Handler)
    NMI_Handler                              0x080023c1   Thumb Code     2  stm32f10x_it.o(i.NMI_Handler)
    PendSV_Handler                           0x080023c3   Thumb Code     2  stm32f10x_it.o(i.PendSV_Handler)
    Process_Keys                             0x080023c5   Thumb Code   142  main.o(i.Process_Keys)
    RCC_ADCCLKConfig                         0x08002479   Thumb Code    18  stm32f10x_rcc.o(i.RCC_ADCCLKConfig)
    RCC_AHBPeriphClockCmd                    0x08002491   Thumb Code    26  stm32f10x_rcc.o(i.RCC_AHBPeriphClockCmd)
    RCC_APB2PeriphClockCmd                   0x080024b1   Thumb Code    26  stm32f10x_rcc.o(i.RCC_APB2PeriphClockCmd)
    RCC_APB2PeriphResetCmd                   0x080024d1   Thumb Code    26  stm32f10x_rcc.o(i.RCC_APB2PeriphResetCmd)
    RCC_GetClocksFreq                        0x080024f1   Thumb Code   192  stm32f10x_rcc.o(i.RCC_GetClocksFreq)
    SPI_Cmd                                  0x080025c5   Thumb Code    24  stm32f10x_spi.o(i.SPI_Cmd)
    SPI_FLASH_BufferRead                     0x080025dd   Thumb Code    76  bsp_spi_flash.o(i.SPI_FLASH_BufferRead)
    SPI_FLASH_Init                           0x0800262d   Thumb Code   178  bsp_spi_flash.o(i.SPI_FLASH_Init)
    SPI_FLASH_SendByte                       0x080026ed   Thumb Code   110  bsp_spi_flash.o(i.SPI_FLASH_SendByte)
    SPI_I2S_GetFlagStatus                    0x08002765   Thumb Code    18  stm32f10x_spi.o(i.SPI_I2S_GetFlagStatus)
    SPI_I2S_ReceiveData                      0x08002777   Thumb Code     6  stm32f10x_spi.o(i.SPI_I2S_ReceiveData)
    SPI_I2S_SendData                         0x0800277d   Thumb Code     4  stm32f10x_spi.o(i.SPI_I2S_SendData)
    SPI_Init                                 0x08002781   Thumb Code    60  stm32f10x_spi.o(i.SPI_Init)
    SVC_Handler                              0x080027fd   Thumb Code     2  stm32f10x_it.o(i.SVC_Handler)
    SysTick_Handler                          0x080028e9   Thumb Code    12  main.o(i.SysTick_Handler)
    SysTick_Init                             0x080028f9   Thumb Code    92  main.o(i.SysTick_Init)
    SystemInit                               0x08002961   Thumb Code    78  system_stm32f10x.o(i.SystemInit)
    UART_Config                              0x080029c1   Thumb Code   114  main.o(i.UART_Config)
    UART_SendChar                            0x08002a3d   Thumb Code    42  main.o(i.UART_SendChar)
    UART_SendString                          0x08002a6d   Thumb Code    22  main.o(i.UART_SendString)
    USART_Cmd                                0x08002a83   Thumb Code    24  stm32f10x_usart.o(i.USART_Cmd)
    USART_GetFlagStatus                      0x08002a9b   Thumb Code    26  stm32f10x_usart.o(i.USART_GetFlagStatus)
    USART_Init                               0x08002ab5   Thumb Code   210  stm32f10x_usart.o(i.USART_Init)
    USART_SendData                           0x08002b8d   Thumb Code     8  stm32f10x_usart.o(i.USART_SendData)
    Update_ADC_And_Speed                     0x08002b95   Thumb Code   140  main.o(i.Update_ADC_And_Speed)
    UsageFault_Handler                       0x08002c71   Thumb Code     4  stm32f10x_it.o(i.UsageFault_Handler)
    __0printf                                0x08002c75   Thumb Code    22  printfa.o(i.__0printf)
    __1printf                                0x08002c75   Thumb Code     0  printfa.o(i.__0printf)
    __2printf                                0x08002c75   Thumb Code     0  printfa.o(i.__0printf)
    __c89printf                              0x08002c75   Thumb Code     0  printfa.o(i.__0printf)
    printf                                   0x08002c75   Thumb Code     0  printfa.o(i.__0printf)
    __0sprintf                               0x08002c95   Thumb Code    34  printfa.o(i.__0sprintf)
    __1sprintf                               0x08002c95   Thumb Code     0  printfa.o(i.__0sprintf)
    __2sprintf                               0x08002c95   Thumb Code     0  printfa.o(i.__0sprintf)
    __c89sprintf                             0x08002c95   Thumb Code     0  printfa.o(i.__0sprintf)
    sprintf                                  0x08002c95   Thumb Code     0  printfa.o(i.__0sprintf)
    __scatterload_copy                       0x08002cbd   Thumb Code    14  handlers.o(i.__scatterload_copy)
    __scatterload_null                       0x08002ccb   Thumb Code     2  handlers.o(i.__scatterload_null)
    __scatterload_zeroinit                   0x08002ccd   Thumb Code    14  handlers.o(i.__scatterload_zeroinit)
    fputc                                    0x08003599   Thumb Code    32  bsp_usart.o(i.fputc)
    main                                     0x080035bd   Thumb Code   242  main.o(i.main)
    MAX_DISPLAY_CASES                        0x08003714   Data           1  main.o(.constdata)
    ANIMATION_SPEEDS                         0x08003718   Data          12  main.o(.constdata)
    CASE2_TEXT                               0x08003724   Data           9  main.o(.constdata)
    MAX_REPORT_PAGES                         0x0800372d   Data           1  main.o(.constdata)
    CASE5_COLORS                             0x0800372e   Data          12  main.o(.constdata)
    CASE5_NUM_COLORS                         0x0800373a   Data           1  main.o(.constdata)
    ASCII8x16_Table                          0x0800373b   Data        1520  fonts.o(.constdata)
    ASCII16x24_Table                         0x08003d2b   Data        4560  fonts.o(.constdata)
    ASCII24x32_Table                         0x08004efb   Data        9120  fonts.o(.constdata)
    Region$$Table$$Base                      0x08007564   Number         0  anon$$obj.o(Region$$Table)
    Region$$Table$$Limit                     0x08007584   Number         0  anon$$obj.o(Region$$Table)
    SystemCoreClock                          0x20000000   Data           4  system_stm32f10x.o(.data)
    AHBPrescTable                            0x20000004   Data          16  system_stm32f10x.o(.data)
    g_current_display_case                   0x20000028   Data           1  main.o(.data)
    g_display_operation_mode                 0x20000029   Data           1  main.o(.data)
    g_key1_action_pending                    0x2000002a   Data           1  main.o(.data)
    g_key2_action_pending                    0x2000002b   Data           1  main.o(.data)
    g_key1_last_state                        0x2000002c   Data           1  main.o(.data)
    g_key2_last_state                        0x2000002d   Data           1  main.o(.data)
    g_key_debounce_delay                     0x20000030   Data           4  main.o(.data)
    g_adc_value                              0x20000034   Data           2  main.o(.data)
    g_animation_speed_level                  0x20000036   Data           1  main.o(.data)
    g_case2_text_x_pos                       0x20000038   Data           2  main.o(.data)
    g_case2_text_x_pos_old                   0x2000003a   Data           2  main.o(.data)
    g_case2_text_pixel_width                 0x2000003c   Data           2  main.o(.data)
    g_case2_last_move_time_ms                0x20000040   Data           4  main.o(.data)
    g_case2_text_y_pos                       0x20000044   Data           2  main.o(.data)
    REPORT_TITLE                             0x20000048   Data           4  main.o(.data)
    REPORT_LINE1_L1                          0x2000004c   Data           4  main.o(.data)
    REPORT_LINE1_L2                          0x20000050   Data           4  main.o(.data)
    REPORT_LINE1_L3                          0x20000054   Data           4  main.o(.data)
    REPORT_LINE1_L4                          0x20000058   Data           4  main.o(.data)
    REPORT_LINE2_L1                          0x2000005c   Data           4  main.o(.data)
    REPORT_LINE2_L2                          0x20000060   Data           4  main.o(.data)
    REPORT_LINE3_L1                          0x20000064   Data           4  main.o(.data)
    REPORT_LINE3_L2                          0x20000068   Data           4  main.o(.data)
    REPORT_LINE4_L1                          0x2000006c   Data           4  main.o(.data)
    REPORT_LINE4_L2                          0x20000070   Data           4  main.o(.data)
    REPORT_LINE4_L3                          0x20000074   Data           4  main.o(.data)
    REPORT_ABSTRACT_TITLE                    0x20000078   Data           4  main.o(.data)
    REPORT_ABSTRACT_P1_L1                    0x2000007c   Data           4  main.o(.data)
    REPORT_ABSTRACT_P1_L2                    0x20000080   Data           4  main.o(.data)
    REPORT_ABSTRACT_P1_L3                    0x20000084   Data           4  main.o(.data)
    REPORT_ABSTRACT_P1_L4                    0x20000088   Data           4  main.o(.data)
    REPORT_ABSTRACT_P1_L5                    0x2000008c   Data           4  main.o(.data)
    REPORT_ABSTRACT_P2_L1                    0x20000090   Data           4  main.o(.data)
    REPORT_ABSTRACT_P2_L2                    0x20000094   Data           4  main.o(.data)
    REPORT_ABSTRACT_P2_L3                    0x20000098   Data           4  main.o(.data)
    REPORT_ABSTRACT_P2_L4                    0x2000009c   Data           4  main.o(.data)
    REPORT_ABSTRACT_P3_L1                    0x200000a0   Data           4  main.o(.data)
    REPORT_ABSTRACT_P3_L2                    0x200000a4   Data           4  main.o(.data)
    REPORT_ABSTRACT_P3_L3                    0x200000a8   Data           4  main.o(.data)
    REPORT_ABSTRACT_P3_L4                    0x200000ac   Data           4  main.o(.data)
    REPORT_ABSTRACT_P4_L1                    0x200000b0   Data           4  main.o(.data)
    REPORT_ABSTRACT_P4_L2                    0x200000b4   Data           4  main.o(.data)
    REPORT_ABSTRACT_P4_L3                    0x200000b8   Data           4  main.o(.data)
    REPORT_ABSTRACT_P5_L1                    0x200000bc   Data           4  main.o(.data)
    REPORT_ABSTRACT_P5_L2                    0x200000c0   Data           4  main.o(.data)
    g_report_page                            0x200000c4   Data           1  main.o(.data)
    g_case3_needs_redraw                     0x200000c5   Data           1  main.o(.data)
    g_case5_rect_x                           0x200000c6   Data           2  main.o(.data)
    g_case5_rect_y                           0x200000c8   Data           2  main.o(.data)
    g_case5_rect_width                       0x200000ca   Data           2  main.o(.data)
    g_case5_rect_height                      0x200000cc   Data           2  main.o(.data)
    g_case5_color_index                      0x200000ce   Data           1  main.o(.data)
    g_case5_last_draw_time_ms                0x200000d0   Data           4  main.o(.data)
    g_case5_animation_done                   0x200000d4   Data           1  main.o(.data)
    g_systick_ms_count                       0x200000d8   Data           4  main.o(.data)
    LCD_X_LENGTH                             0x200000e8   Data           2  bsp_ili9341_lcd.o(.data)
    LCD_Y_LENGTH                             0x200000ea   Data           2  bsp_ili9341_lcd.o(.data)
    LCD_SCAN_MODE                            0x200000ec   Data           1  bsp_ili9341_lcd.o(.data)
    lcdid                                    0x200000ee   Data           2  bsp_ili9341_lcd.o(.data)
    Font8x16                                 0x200000f8   Data           8  fonts.o(.data)
    Font16x24                                0x20000100   Data           8  fonts.o(.data)
    Font24x32                                0x20000108   Data           8  fonts.o(.data)
    __stdout                                 0x20000114   Data           4  stdout.o(.data)
    g_uart_tx_buffer                         0x20000118   Data         128  main.o(.bss)
    __initial_sp                             0x20001198   Data           0  startup_stm32f10x_hd.o(STACK)



==============================================================================

Memory Map of the image

  Image Entry point : 0x08000131

  Load Region LR_IROM1 (Base: 0x08000000, Size: 0x0000769c, Max: 0x00080000, ABSOLUTE)

    Execution Region ER_IROM1 (Exec base: 0x08000000, Load base: 0x08000000, Size: 0x00007584, Max: 0x00080000, ABSOLUTE)

    Exec Addr    Load Addr    Size         Type   Attr      Idx    E Section Name        Object

    0x08000000   0x08000000   0x00000130   Data   RO            3    RESET               startup_stm32f10x_hd.o
    0x08000130   0x08000130   0x00000000   Code   RO         4034  * .ARM.Collect$$$$00000000  mc_w.l(entry.o)
    0x08000130   0x08000130   0x00000004   Code   RO         4326    .ARM.Collect$$$$00000001  mc_w.l(entry2.o)
    0x08000134   0x08000134   0x00000004   Code   RO         4329    .ARM.Collect$$$$00000004  mc_w.l(entry5.o)
    0x08000138   0x08000138   0x00000000   Code   RO         4331    .ARM.Collect$$$$00000008  mc_w.l(entry7b.o)
    0x08000138   0x08000138   0x00000000   Code   RO         4333    .ARM.Collect$$$$0000000A  mc_w.l(entry8b.o)
    0x08000138   0x08000138   0x00000008   Code   RO         4334    .ARM.Collect$$$$0000000B  mc_w.l(entry9a.o)
    0x08000140   0x08000140   0x00000000   Code   RO         4336    .ARM.Collect$$$$0000000D  mc_w.l(entry10a.o)
    0x08000140   0x08000140   0x00000000   Code   RO         4338    .ARM.Collect$$$$0000000F  mc_w.l(entry11a.o)
    0x08000140   0x08000140   0x00000004   Code   RO         4327    .ARM.Collect$$$$00002712  mc_w.l(entry2.o)
    0x08000144   0x08000144   0x00000024   Code   RO            4    .text               startup_stm32f10x_hd.o
    0x08000168   0x08000168   0x00000024   Code   RO         4037    .text               mc_w.l(memseta.o)
    0x0800018c   0x0800018c   0x00000064   Code   RO         4304    .text               mf_w.l(fmul.o)
    0x080001f0   0x080001f0   0x0000007c   Code   RO         4306    .text               mf_w.l(fdiv.o)
    0x0800026c   0x0800026c   0x000000e4   Code   RO         4308    .text               mf_w.l(dmul.o)
    0x08000350   0x08000350   0x000000de   Code   RO         4310    .text               mf_w.l(ddiv.o)
    0x0800042e   0x0800042e   0x0000000a   Code   RO         4314    .text               mf_w.l(ffltui.o)
    0x08000438   0x08000438   0x00000026   Code   RO         4320    .text               mf_w.l(f2d.o)
    0x0800045e   0x0800045e   0x00000002   PAD
    0x08000460   0x08000460   0x00000014   Code   RO         4324    .text               mf_w.l(cfcmple.o)
    0x08000474   0x08000474   0x0000002c   Code   RO         4341    .text               mc_w.l(uidiv.o)
    0x080004a0   0x080004a0   0x00000062   Code   RO         4343    .text               mc_w.l(uldiv.o)
    0x08000502   0x08000502   0x00000000   Code   RO         4345    .text               mc_w.l(iusefp.o)
    0x08000502   0x08000502   0x0000006e   Code   RO         4346    .text               mf_w.l(fepilogue.o)
    0x08000570   0x08000570   0x000000ba   Code   RO         4348    .text               mf_w.l(depilogue.o)
    0x0800062a   0x0800062a   0x0000014e   Code   RO         4350    .text               mf_w.l(dadd.o)
    0x08000778   0x08000778   0x00000030   Code   RO         4352    .text               mf_w.l(dfixul.o)
    0x080007a8   0x080007a8   0x00000030   Code   RO         4354    .text               mf_w.l(cdrcmple.o)
    0x080007d8   0x080007d8   0x00000024   Code   RO         4356    .text               mc_w.l(init.o)
    0x080007fc   0x080007fc   0x0000001e   Code   RO         4358    .text               mc_w.l(llshl.o)
    0x0800081a   0x0800081a   0x00000020   Code   RO         4360    .text               mc_w.l(llushr.o)
    0x0800083a   0x0800083a   0x00000024   Code   RO         4362    .text               mc_w.l(llsshr.o)
    0x0800085e   0x0800085e   0x00000016   Code   RO          183    i.ADC_Cmd           stm32f10x_adc.o
    0x08000874   0x08000874   0x00000074   Code   RO         3108    i.ADC_Config        main.o
    0x080008e8   0x080008e8   0x0000005c   Code   RO          185    i.ADC_DeInit        stm32f10x_adc.o
    0x08000944   0x08000944   0x00000014   Code   RO          191    i.ADC_GetCalibrationStatus  stm32f10x_adc.o
    0x08000958   0x08000958   0x00000008   Code   RO          192    i.ADC_GetConversionValue  stm32f10x_adc.o
    0x08000960   0x08000960   0x00000012   Code   RO          194    i.ADC_GetFlagStatus  stm32f10x_adc.o
    0x08000972   0x08000972   0x00000014   Code   RO          197    i.ADC_GetResetCalibrationStatus  stm32f10x_adc.o
    0x08000986   0x08000986   0x00000002   PAD
    0x08000988   0x08000988   0x00000050   Code   RO          201    i.ADC_Init          stm32f10x_adc.o
    0x080009d8   0x080009d8   0x000000b8   Code   RO          205    i.ADC_RegularChannelConfig  stm32f10x_adc.o
    0x08000a90   0x08000a90   0x0000000a   Code   RO          206    i.ADC_ResetCalibration  stm32f10x_adc.o
    0x08000a9a   0x08000a9a   0x00000016   Code   RO          208    i.ADC_SoftwareStartConvCmd  stm32f10x_adc.o
    0x08000ab0   0x08000ab0   0x0000000a   Code   RO          210    i.ADC_StartCalibration  stm32f10x_adc.o
    0x08000aba   0x08000aba   0x00000004   Code   RO         3326    i.BusFault_Handler  stm32f10x_it.o
    0x08000abe   0x08000abe   0x00000002   Code   RO         3327    i.DebugMon_Handler  stm32f10x_it.o
    0x08000ac0   0x08000ac0   0x000000a0   Code   RO         3109    i.Display_Case1     main.o
    0x08000b60   0x08000b60   0x00000128   Code   RO         3110    i.Display_Case2_Update  main.o
    0x08000c88   0x08000c88   0x000003f0   Code   RO         3111    i.Display_Case3     main.o
    0x08001078   0x08001078   0x000000a8   Code   RO         3112    i.Display_Case4     main.o
    0x08001120   0x08001120   0x0000014c   Code   RO         3113    i.Display_Case5_Update  main.o
    0x0800126c   0x0800126c   0x00000034   Code   RO         1177    i.FSMC_NORSRAMCmd   stm32f10x_fsmc.o
    0x080012a0   0x080012a0   0x000000e6   Code   RO         1179    i.FSMC_NORSRAMInit  stm32f10x_fsmc.o
    0x08001386   0x08001386   0x00000002   PAD
    0x08001388   0x08001388   0x00000054   Code   RO         3114    i.GPIO_Config       main.o
    0x080013dc   0x080013dc   0x00000116   Code   RO         1292    i.GPIO_Init         stm32f10x_gpio.o
    0x080014f2   0x080014f2   0x00000012   Code   RO         1296    i.GPIO_ReadInputDataBit  stm32f10x_gpio.o
    0x08001504   0x08001504   0x00000004   Code   RO         1299    i.GPIO_ResetBits    stm32f10x_gpio.o
    0x08001508   0x08001508   0x00000004   Code   RO         1300    i.GPIO_SetBits      stm32f10x_gpio.o
    0x0800150c   0x0800150c   0x00000054   Code   RO         3933    i.GetGBKCode_from_EXFlash  fonts.o
    0x08001560   0x08001560   0x00000034   Code   RO         3115    i.Get_ADC_Value     main.o
    0x08001594   0x08001594   0x0000000c   Code   RO         3116    i.Get_System_ms     main.o
    0x080015a0   0x080015a0   0x00000004   Code   RO         3328    i.HardFault_Handler  stm32f10x_it.o
    0x080015a4   0x080015a4   0x00000024   Code   RO         3557    i.ILI9341_BackLed_Control  bsp_ili9341_lcd.o
    0x080015c8   0x080015c8   0x0000002c   Code   RO         3558    i.ILI9341_Clear     bsp_ili9341_lcd.o
    0x080015f4   0x080015f4   0x00000012   Code   RO         3559    i.ILI9341_Delay     bsp_ili9341_lcd.o
    0x08001606   0x08001606   0x00000002   PAD
    0x08001608   0x08001608   0x00000084   Code   RO         3560    i.ILI9341_DispChar_CH  bsp_ili9341_lcd.o
    0x0800168c   0x0800168c   0x00000098   Code   RO         3561    i.ILI9341_DispChar_EN  bsp_ili9341_lcd.o
    0x08001724   0x08001724   0x00000068   Code   RO         3565    i.ILI9341_DispString_EN  bsp_ili9341_lcd.o
    0x0800178c   0x0800178c   0x000000b4   Code   RO         3566    i.ILI9341_DispString_EN_CH  bsp_ili9341_lcd.o
    0x08001840   0x08001840   0x000000a0   Code   RO         3573    i.ILI9341_DrawLine  bsp_ili9341_lcd.o
    0x080018e0   0x080018e0   0x00000088   Code   RO         3574    i.ILI9341_DrawRectangle  bsp_ili9341_lcd.o
    0x08001968   0x08001968   0x0000006e   Code   RO         3575    i.ILI9341_FSMC_Config  bsp_ili9341_lcd.o
    0x080019d6   0x080019d6   0x00000020   Code   RO         3576    i.ILI9341_FillColor  bsp_ili9341_lcd.o
    0x080019f6   0x080019f6   0x00000002   PAD
    0x080019f8   0x080019f8   0x00000198   Code   RO         3577    i.ILI9341_GPIO_Config  bsp_ili9341_lcd.o
    0x08001b90   0x08001b90   0x000000e0   Code   RO         3579    i.ILI9341_GramScan  bsp_ili9341_lcd.o
    0x08001c70   0x08001c70   0x00000028   Code   RO         3580    i.ILI9341_Init      bsp_ili9341_lcd.o
    0x08001c98   0x08001c98   0x00000060   Code   RO         3581    i.ILI9341_OpenWindow  bsp_ili9341_lcd.o
    0x08001cf8   0x08001cf8   0x00000450   Code   RO         3582    i.ILI9341_REG_Config  bsp_ili9341_lcd.o
    0x08002148   0x08002148   0x00000070   Code   RO         3583    i.ILI9341_ReadID    bsp_ili9341_lcd.o
    0x080021b8   0x080021b8   0x0000000c   Code   RO         3801    i.ILI9341_Read_Data  bsp_ili9341_lcd.o
    0x080021c4   0x080021c4   0x00000028   Code   RO         3585    i.ILI9341_Rst       bsp_ili9341_lcd.o
    0x080021ec   0x080021ec   0x00000014   Code   RO         3586    i.ILI9341_SetCursor  bsp_ili9341_lcd.o
    0x08002200   0x08002200   0x00000038   Code   RO         3587    i.ILI9341_SetPointPixel  bsp_ili9341_lcd.o
    0x08002238   0x08002238   0x00000008   Code   RO         3791    i.ILI9341_Write_Cmd  bsp_ili9341_lcd.o
    0x08002240   0x08002240   0x0000000c   Code   RO         3796    i.ILI9341_Write_Data  bsp_ili9341_lcd.o
    0x0800224c   0x0800224c   0x0000012c   Code   RO         3117    i.Init_Display_Case  main.o
    0x08002378   0x08002378   0x00000018   Code   RO         3590    i.LCD_GetColors     bsp_ili9341_lcd.o
    0x08002390   0x08002390   0x00000014   Code   RO         3593    i.LCD_SetColors     bsp_ili9341_lcd.o
    0x080023a4   0x080023a4   0x0000000c   Code   RO         3594    i.LCD_SetFont       bsp_ili9341_lcd.o
    0x080023b0   0x080023b0   0x0000000c   Code   RO         3595    i.LCD_SetTextColor  bsp_ili9341_lcd.o
    0x080023bc   0x080023bc   0x00000004   Code   RO         3329    i.MemManage_Handler  stm32f10x_it.o
    0x080023c0   0x080023c0   0x00000002   Code   RO         3330    i.NMI_Handler       stm32f10x_it.o
    0x080023c2   0x080023c2   0x00000002   Code   RO         3331    i.PendSV_Handler    stm32f10x_it.o
    0x080023c4   0x080023c4   0x000000b4   Code   RO         3118    i.Process_Keys      main.o
    0x08002478   0x08002478   0x00000018   Code   RO         1706    i.RCC_ADCCLKConfig  stm32f10x_rcc.o
    0x08002490   0x08002490   0x00000020   Code   RO         1707    i.RCC_AHBPeriphClockCmd  stm32f10x_rcc.o
    0x080024b0   0x080024b0   0x00000020   Code   RO         1710    i.RCC_APB2PeriphClockCmd  stm32f10x_rcc.o
    0x080024d0   0x080024d0   0x00000020   Code   RO         1711    i.RCC_APB2PeriphResetCmd  stm32f10x_rcc.o
    0x080024f0   0x080024f0   0x000000d4   Code   RO         1718    i.RCC_GetClocksFreq  stm32f10x_rcc.o
    0x080025c4   0x080025c4   0x00000018   Code   RO         2187    i.SPI_Cmd           stm32f10x_spi.o
    0x080025dc   0x080025dc   0x00000050   Code   RO         3445    i.SPI_FLASH_BufferRead  bsp_spi_flash.o
    0x0800262c   0x0800262c   0x000000c0   Code   RO         3448    i.SPI_FLASH_Init    bsp_spi_flash.o
    0x080026ec   0x080026ec   0x00000078   Code   RO         3454    i.SPI_FLASH_SendByte  bsp_spi_flash.o
    0x08002764   0x08002764   0x00000012   Code   RO         2195    i.SPI_I2S_GetFlagStatus  stm32f10x_spi.o
    0x08002776   0x08002776   0x00000006   Code   RO         2198    i.SPI_I2S_ReceiveData  stm32f10x_spi.o
    0x0800277c   0x0800277c   0x00000004   Code   RO         2199    i.SPI_I2S_SendData  stm32f10x_spi.o
    0x08002780   0x08002780   0x0000003c   Code   RO         2200    i.SPI_Init          stm32f10x_spi.o
    0x080027bc   0x080027bc   0x00000040   Code   RO         3461    i.SPI_TIMEOUT_UserCallback  bsp_spi_flash.o
    0x080027fc   0x080027fc   0x00000002   Code   RO         3332    i.SVC_Handler       stm32f10x_it.o
    0x080027fe   0x080027fe   0x00000008   Code   RO           24    i.SetSysClock       system_stm32f10x.o
    0x08002806   0x08002806   0x00000002   PAD
    0x08002808   0x08002808   0x000000e0   Code   RO           25    i.SetSysClockTo72   system_stm32f10x.o
    0x080028e8   0x080028e8   0x00000010   Code   RO         3119    i.SysTick_Handler   main.o
    0x080028f8   0x080028f8   0x00000068   Code   RO         3120    i.SysTick_Init      main.o
    0x08002960   0x08002960   0x00000060   Code   RO           27    i.SystemInit        system_stm32f10x.o
    0x080029c0   0x080029c0   0x0000007c   Code   RO         3121    i.UART_Config       main.o
    0x08002a3c   0x08002a3c   0x00000030   Code   RO         3122    i.UART_SendChar     main.o
    0x08002a6c   0x08002a6c   0x00000016   Code   RO         3123    i.UART_SendString   main.o
    0x08002a82   0x08002a82   0x00000018   Code   RO         2878    i.USART_Cmd         stm32f10x_usart.o
    0x08002a9a   0x08002a9a   0x0000001a   Code   RO         2881    i.USART_GetFlagStatus  stm32f10x_usart.o
    0x08002ab4   0x08002ab4   0x000000d8   Code   RO         2885    i.USART_Init        stm32f10x_usart.o
    0x08002b8c   0x08002b8c   0x00000008   Code   RO         2895    i.USART_SendData    stm32f10x_usart.o
    0x08002b94   0x08002b94   0x000000dc   Code   RO         3124    i.Update_ADC_And_Speed  main.o
    0x08002c70   0x08002c70   0x00000004   Code   RO         3334    i.UsageFault_Handler  stm32f10x_it.o
    0x08002c74   0x08002c74   0x00000020   Code   RO         4274    i.__0printf         mc_w.l(printfa.o)
    0x08002c94   0x08002c94   0x00000028   Code   RO         4276    i.__0sprintf        mc_w.l(printfa.o)
    0x08002cbc   0x08002cbc   0x0000000e   Code   RO         4366    i.__scatterload_copy  mc_w.l(handlers.o)
    0x08002cca   0x08002cca   0x00000002   Code   RO         4367    i.__scatterload_null  mc_w.l(handlers.o)
    0x08002ccc   0x08002ccc   0x0000000e   Code   RO         4368    i.__scatterload_zeroinit  mc_w.l(handlers.o)
    0x08002cda   0x08002cda   0x00000002   PAD
    0x08002cdc   0x08002cdc   0x00000184   Code   RO         4281    i._fp_digits        mc_w.l(printfa.o)
    0x08002e60   0x08002e60   0x000006dc   Code   RO         4282    i._printf_core      mc_w.l(printfa.o)
    0x0800353c   0x0800353c   0x00000024   Code   RO         4283    i._printf_post_padding  mc_w.l(printfa.o)
    0x08003560   0x08003560   0x0000002e   Code   RO         4284    i._printf_pre_padding  mc_w.l(printfa.o)
    0x0800358e   0x0800358e   0x0000000a   Code   RO         4286    i._sputc            mc_w.l(printfa.o)
    0x08003598   0x08003598   0x00000024   Code   RO         3405    i.fputc             bsp_usart.o
    0x080035bc   0x080035bc   0x00000158   Code   RO         3125    i.main              main.o
    0x08003714   0x08003714   0x00000027   Data   RO         3127    .constdata          main.o
    0x0800373b   0x0800373b   0x00003b60   Data   RO         3934    .constdata          fonts.o
    0x0800729b   0x0800729b   0x00000001   PAD
    0x0800729c   0x0800729c   0x000002c5   Data   RO         3128    .conststring        main.o
    0x08007561   0x08007561   0x00000003   PAD
    0x08007564   0x08007564   0x00000020   Data   RO         4364    Region$$Table       anon$$obj.o


    Execution Region RW_IRAM1 (Exec base: 0x20000000, Load base: 0x08007584, Size: 0x00001198, Max: 0x00010000, ABSOLUTE)

    Exec Addr    Load Addr    Size         Type   Attr      Idx    E Section Name        Object

    0x20000000   0x08007584   0x00000014   Data   RW           28    .data               system_stm32f10x.o
    0x20000014   0x08007598   0x00000014   Data   RW         1738    .data               stm32f10x_rcc.o
    0x20000028   0x080075ac   0x000000bc   Data   RW         3129    .data               main.o
    0x200000e4   0x08007668   0x00000004   Data   RW         3462    .data               bsp_spi_flash.o
    0x200000e8   0x0800766c   0x00000010   Data   RW         3597    .data               bsp_ili9341_lcd.o
    0x200000f8   0x0800767c   0x00000019   Data   RW         3935    .data               fonts.o
    0x20000111   0x08007695   0x00000003   PAD
    0x20000114   0x08007698   0x00000004   Data   RW         4340    .data               mc_w.l(stdout.o)
    0x20000118        -       0x00000080   Zero   RW         3126    .bss                main.o
    0x20000198        -       0x00001000   Zero   RW            1    STACK               startup_stm32f10x_hd.o


==============================================================================

Image component sizes


      Code (inc. data)   RO Data    RW Data    ZI Data      Debug   Object Name

      3304        176          0         16          0      21401   bsp_ili9341_lcd.o
       456         76          0          4          0       3337   bsp_spi_flash.o
        36          4          0          0          0        620   bsp_usart.o
         0          0          0          0          0       4500   core_cm3.o
        84         10      15200         25          0       2407   fonts.o
      3586        854        748        188        128     257998   main.o
        36          8        304          0       4096        900   startup_stm32f10x_hd.o
       486         24          0          0          0       9194   stm32f10x_adc.o
       282          6          0          0          0       1965   stm32f10x_fsmc.o
       304          0          0          0          0       3904   stm32f10x_gpio.o
        24          0          0          0          0       3380   stm32f10x_it.o
       332         44          0         20          0       5897   stm32f10x_rcc.o
       112          0          0          0          0       4130   stm32f10x_spi.o
       274          6          0          0          0       4264   stm32f10x_usart.o
       328         28          0         20          0     253129   system_stm32f10x.o

    ----------------------------------------------------------------------
      9654       1236      16288        276       4224     577026   Object Totals
         0          0         32          0          0          0   (incl. Generated)
        10          0          4          3          0          0   (incl. Padding)

    ----------------------------------------------------------------------

      Code (inc. data)   RO Data    RW Data    ZI Data      Debug   Library Member Name

         0          0          0          0          0          0   entry.o
         0          0          0          0          0          0   entry10a.o
         0          0          0          0          0          0   entry11a.o
         8          4          0          0          0          0   entry2.o
         4          0          0          0          0          0   entry5.o
         0          0          0          0          0          0   entry7b.o
         0          0          0          0          0          0   entry8b.o
         8          4          0          0          0          0   entry9a.o
        30          0          0          0          0          0   handlers.o
        36          8          0          0          0         68   init.o
         0          0          0          0          0          0   iusefp.o
        30          0          0          0          0         68   llshl.o
        36          0          0          0          0         68   llsshr.o
        32          0          0          0          0         68   llushr.o
        36          0          0          0          0        108   memseta.o
      2308         96          0          0          0        604   printfa.o
         0          0          0          4          0          0   stdout.o
        44          0          0          0          0         80   uidiv.o
        98          0          0          0          0         92   uldiv.o
        48          0          0          0          0         68   cdrcmple.o
        20          0          0          0          0         68   cfcmple.o
       334          0          0          0          0        148   dadd.o
       222          0          0          0          0        100   ddiv.o
       186          0          0          0          0        176   depilogue.o
        48          0          0          0          0         68   dfixul.o
       228          0          0          0          0         96   dmul.o
        38          0          0          0          0         68   f2d.o
       124          0          0          0          0         88   fdiv.o
       110          0          0          0          0        168   fepilogue.o
        10          0          0          0          0         68   ffltui.o
       100          0          0          0          0         76   fmul.o

    ----------------------------------------------------------------------
      4142        112          0          4          0       2348   Library Totals
         4          0          0          0          0          0   (incl. Padding)

    ----------------------------------------------------------------------

      Code (inc. data)   RO Data    RW Data    ZI Data      Debug   Library Name

      2670        112          0          4          0       1156   mc_w.l
      1468          0          0          0          0       1192   mf_w.l

    ----------------------------------------------------------------------
      4142        112          0          4          0       2348   Library Totals

    ----------------------------------------------------------------------

==============================================================================


      Code (inc. data)   RO Data    RW Data    ZI Data      Debug   

     13796       1348      16288        280       4224     573702   Grand Totals
     13796       1348      16288        280       4224     573702   ELF Image Totals
     13796       1348      16288        280          0          0   ROM Totals

==============================================================================

    Total RO  Size (Code + RO Data)                30084 (  29.38kB)
    Total RW  Size (RW Data + ZI Data)              4504 (   4.40kB)
    Total ROM Size (Code + RO Data + RW Data)      30364 (  29.65kB)

==============================================================================

